pulling 02a8b7e17487:  90% ▕████████████████  ▏ 1.5 GB/1.7 GB  185 MB/s      0s[K[?25h[?2026l[?2026h[?25l[A[1Gpulling manifest [K
pulling 02a8b7e17487:  90% ▕████████████████  ▏ 1.5 GB/1.7 GB  185 MB/s      0s[K[?25h[?2026l[?2026h[?25l[A[1Gpulling manifest [K
pulling 02a8b7e17487:  91% ▕████████████████  ▏ 1.5 GB/1.7 GB  185 MB/s      0s[K[?25h[?2026l[?2026h[?25l[A[1Gpulling manifest [K
pulling 02a8b7e17487:  91% ▕████████████████  ▏ 1.5 GB/1.7 GB  168 MB/s      0s[K[?25h[?2026l[?2026h[?25l[A[1Gpulling manifest [K
pulling 02a8b7e17487:  91% ▕████████████████  ▏ 1.5 GB/1.7 GB  168 MB/s      0s[K[?25h[?2026l[?2026h[?25l[A[1Gpulling manifest [K
pulling 02a8b7e17487:  91% ▕████████████████  ▏ 1.5 GB/1.7 GB  168 MB/s      0s[K[?25h[?2026l[?2026h[?25l[A[1Gpulling manifest [K
pulling 02a8b7e17487:  91% ▕████████████████  ▏ 1.5 GB/1.7 GB  168 MB/s      0s[K[?25h[?2026l[?2026h[?25l[A[1Gpulling manifest [K
pulling 02a8b7e17487:  91% ▕████████████████  ▏ 1.5 GB/1.7 GB  168 MB/s      0s[K[?25h[?2026l[?2026h[?25l[A[1Gpulling manifest [K
pulling 02a8b7e17487:  92% ▕████████████████  ▏ 1.5 GB/1.7 GB  168 MB/s      0s[K[?25h[?2026l[?2026h[?25l[A[1Gpulling manifest [K
pulling 02a8b7e17487:  92% ▕████████████████  ▏ 1.5 GB/1.7 GB  168 MB/s      0s[K[?25h[?2026l[?2026h[?25l[A[1Gpulling manifest [K
pulling 02a8b7e17487:  92% ▕████████████████  ▏ 1.5 GB/1.7 GB  168 MB/s      0s[K[?25h[?2026l[?2026h[?25l[A[1Gpulling manifest [K
pulling 02a8b7e17487:  92% ▕████████████████  ▏ 1.5 GB/1.7 GB  168 MB/s      0s[K[?25h[?2026l[?2026h[?25l[A[1Gpulling manifest [K
pulling 02a8b7e17487:  92% ▕████████████████  ▏ 1.5 GB/1.7 GB  168 MB/s      0s[K[?25h[?2026l[?2026h[?25l[A[1Gpulling manifest [K
pulling 02a8b7e17487:  92% ▕████████████████  ▏ 1.5 GB/1.7 GB  168 MB/s      0s[K[?25h[?2026l[?2026h[?25l[A[1Gpulling manifest [K
pulling 02a8b7e17487:  93% ▕████████████████  ▏ 1.5 GB/1.7 GB  134 MB/s      0s[K[?25h[?2026l[?2026h[?25l[A[1Gpulling manifest [K
pulling 02a8b7e17487:  93% ▕████████████████  ▏ 1.6 GB/1.7 GB  134 MB/s      0s[K[?25h[?2026l[?2026h[?25l[A[1Gpulling manifest [K
pulling 02a8b7e17487:  93% ▕████████████████  ▏ 1.6 GB/1.7 GB  134 MB/s      0s[K[?25h[?2026l[?2026h[?25l[A[1Gpulling manifest [K
pulling 02a8b7e17487:  93% ▕████████████████  ▏ 1.6 GB/1.7 GB  134 MB/s      0s[K[?25h[?2026l[?2026h[?25l[A[1Gpulling manifest [K
pulling 02a8b7e17487:  93% ▕████████████████  ▏ 1.6 GB/1.7 GB  134 MB/s      0s[K[?25h[?2026l[?2026h[?25l[A[1Gpulling manifest [K
pulling 02a8b7e17487:  93% ▕████████████████  ▏ 1.6 GB/1.7 GB  134 MB/s      0s[K[?25h[?2026l[?2026h[?25l[A[1Gpulling manifest [K
pulling 02a8b7e17487:  94% ▕████████████████  ▏ 1.6 GB/1.7 GB  134 MB/s      0s[K[?25h[?2026l[?2026h[?25l[A[1Gpulling manifest [K
pulling 02a8b7e17487:  94% ▕████████████████  ▏ 1.6 GB/1.7 GB  134 MB/s      0s[K[?25h[?2026l[?2026h[?25l[A[1Gpulling manifest [K
pulling 02a8b7e17487:  94% ▕████████████████  ▏ 1.6 GB/1.7 GB  134 MB/s      0s[K[?25h[?2026l[?2026h[?25l[A[1Gpulling manifest [K
pulling 02a8b7e17487:  94% ▕████████████████  ▏ 1.6 GB/1.7 GB  134 MB/s      0s[K[?25h[?2026l[?2026h[?25l[A[1Gpulling manifest [K
pulling 02a8b7e17487:  94% ▕████████████████  ▏ 1.6 GB/1.7 GB   99 MB/s      0s[K[?25h[?2026l[?2026h[?25l[A[1Gpulling manifest [K
pulling 02a8b7e17487:  94% ▕████████████████  ▏ 1.6 GB/1.7 GB   99 MB/s      0s[K[?25h[?2026l[?2026h[?25l[A[1Gpulling manifest [K
pulling 02a8b7e17487:  95% ▕█████████████████ ▏ 1.6 GB/1.7 GB   99 MB/s      0s[K[?25h[?2026l[?2026h[?25l[A[1Gpulling manifest [K
pulling 02a8b7e17487:  95% ▕█████████████████ ▏ 1.6 GB/1.7 GB   99 MB/s      0s[K[?25h[?2026l[?2026h[?25l[A[1Gpulling manifest [K
pulling 02a8b7e17487:  95% ▕█████████████████ ▏ 1.6 GB/1.7 GB   99 MB/s      0s[K[?25h[?2026l[?2026h[?25l[A[1Gpulling manifest [K
pulling 02a8b7e17487:  95% ▕█████████████████ ▏ 1.6 GB/1.7 GB   99 MB/s      0s[K[?25h[?2026l[?2026h[?25l[A[1Gpulling manifest [K
pulling 02a8b7e17487:  95% ▕█████████████████ ▏ 1.6 GB/1.7 GB   99 MB/s      0s[K[?25h[?2026l[?2026h[?25l[A[1Gpulling manifest [K
pulling 02a8b7e17487:  95% ▕█████████████████ ▏ 1.6 GB/1.7 GB   99 MB/s      0s[K[?25h[?2026l[?2026h[?25l[A[1Gpulling manifest [K
pulling 02a8b7e17487:  95% ▕█████████████████ ▏ 1.6 GB/1.7 GB   99 MB/s      0s[K[?25h[?2026l[?2026h[?25l[A[1Gpulling manifest [K
pulling 02a8b7e17487:  95% ▕█████████████████ ▏ 1.6 GB/1.7 GB   99 MB/s      0s[K[?25h[?2026l[?2026h[?25l[A[1Gpulling manifest [K
pulling 02a8b7e17487:  95% ▕█████████████████ ▏ 1.6 GB/1.7 GB   57 MB/s      1s[K[?25h[?2026l[?2026h[?25l[A[1Gpulling manifest [K
pulling 02a8b7e17487:  96% ▕█████████████████ ▏ 1.6 GB/1.7 GB   57 MB/s      1s[K[?25h[?2026l[?2026h[?25l[A[1Gpulling manifest [K
pulling 02a8b7e17487:  96% ▕█████████████████ ▏ 1.6 GB/1.7 GB   57 MB/s      1s[K[?25h[?2026l[?2026h[?25l[A[1Gpulling manifest [K
pulling 02a8b7e17487:  96% ▕█████████████████ ▏ 1.6 GB/1.7 GB   57 MB/s      1s[K[?25h[?2026l[?2026h[?25l[A[1Gpulling manifest [K
pulling 02a8b7e17487:  96% ▕█████████████████ ▏ 1.6 GB/1.7 GB   57 MB/s      1s[K[?25h[?2026l[?2026h[?25l[A[1Gpulling manifest [K
pulling 02a8b7e17487:  96% ▕█████████████████ ▏ 1.6 GB/1.7 GB   57 MB/s      1s[K[?25h[?2026l[?2026h[?25l[A[1Gpulling manifest [K
pulling 02a8b7e17487:  96% ▕█████████████████ ▏ 1.6 GB/1.7 GB   57 MB/s      1s[K[?25h[?2026l[?2026h[?25l[A[1Gpulling manifest [K
pulling 02a8b7e17487:  97% ▕█████████████████ ▏ 1.6 GB/1.7 GB   57 MB/s      1s[K[?25h[?2026l[?2026h[?25l[A[1Gpulling manifest [K
pulling 02a8b7e17487:  97% ▕█████████████████ ▏ 1.6 GB/1.7 GB   57 MB/s      0s[K[?25h[?2026l[?2026h[?25l[A[1Gpulling manifest [K
pulling 02a8b7e17487:  97% ▕█████████████████ ▏ 1.6 GB/1.7 GB   57 MB/s      0s[K[?25h[?2026l[?2026h[?25l[A[1Gpulling manifest [K
pulling 02a8b7e17487:  97% ▕█████████████████ ▏ 1.6 GB/1.7 GB   43 MB/s      1s[K[?25h[?2026l[?2026h[?25l[A[1Gpulling manifest [K
pulling 02a8b7e17487:  97% ▕█████████████████ ▏ 1.6 GB/1.7 GB   43 MB/s      1s[K[?25h[?2026l[?2026h[?25l[A[1Gpulling manifest [K
pulling 02a8b7e17487:  97% ▕█████████████████ ▏ 1.6 GB/1.7 GB   43 MB/s      1s[K[?25h[?2026l[?2026h[?25l[A[1Gpulling manifest [K
pulling 02a8b7e17487:  97% ▕█████████████████ ▏ 1.6 GB/1.7 GB   43 MB/s      1s[K[?25h[?2026l[?2026h[?25l[A[1Gpulling manifest [K
pulling 02a8b7e17487:  97% ▕█████████████████ ▏ 1.6 GB/1.7 GB   43 MB/s      1s[K[?25h[?2026l[?2026h[?25l[A[1Gpulling manifest [K
pulling 02a8b7e17487:  97% ▕█████████████████ ▏ 1.6 GB/1.7 GB   43 MB/s      1s[K[?25h[?2026l[?2026h[?25l[A[1Gpulling manifest [K
pulling 02a8b7e17487:  97% ▕█████████████████ ▏ 1.6 GB/1.7 GB   43 MB/s      1s[K[?25h[?2026l[?2026h[?25l[A[1Gpulling manifest [K
pulling 02a8b7e17487:  97% ▕█████████████████ ▏ 1.6 GB/1.7 GB   43 MB/s      1s[K[?25h[?2026l[?2026h[?25l[A[1Gpulling manifest [K
pulling 02a8b7e17487:  97% ▕█████████████████ ▏ 1.6 GB/1.7 GB   43 MB/s      1s[K[?25h[?2026l[?2026h[?25l[A[1Gpulling manifest [K
pulling 02a8b7e17487:  97% ▕█████████████████ ▏ 1.6 GB/1.7 GB   43 MB/s      0s[K[?25h[?2026l[?2026h[?25l[A[1Gpulling manifest [K
pulling 02a8b7e17487:  97% ▕█████████████████ ▏ 1.6 GB/1.7 GB   33 MB/s      1s[K[?25h[?2026l[?2026h[?25l[A[1Gpulling manifest [K
pulling 02a8b7e17487:  97% ▕█████████████████ ▏ 1.6 GB/1.7 GB   33 MB/s      1s[K[?25h[?2026l[?2026h[?25l[A[1Gpulling manifest [K
pulling 02a8b7e17487:  98% ▕█████████████████ ▏ 1.6 GB/1.7 GB   33 MB/s      1s[K[?25h[?2026l[?2026h[?25l[A[1Gpulling manifest [K
pulling 02a8b7e17487:  98% ▕█████████████████ ▏ 1.6 GB/1.7 GB   33 MB/s      1s[K[?25h[?2026l[?2026h[?25l[A[1Gpulling manifest [K
pulling 02a8b7e17487:  98% ▕█████████████████ ▏ 1.6 GB/1.7 GB   33 MB/s      1s[K[?25h[?2026l[?2026h[?25l[A[1Gpulling manifest [K
pulling 02a8b7e17487:  98% ▕█████████████████ ▏ 1.6 GB/1.7 GB   33 MB/s      1s[K[?25h[?2026l[?2026h[?25l[A[1Gpulling manifest [K
pulling 02a8b7e17487:  98% ▕█████████████████ ▏ 1.6 GB/1.7 GB   33 MB/s      1s[K[?25h[?2026l[?2026h[?25l[A[1Gpulling manifest [K
pulling 02a8b7e17487:  98% ▕█████████████████ ▏ 1.6 GB/1.7 GB   33 MB/s      1s[K[?25h[?2026l[?2026h[?25l[A[1Gpulling manifest [K
pulling 02a8b7e17487:  98% ▕█████████████████ ▏ 1.6 GB/1.7 GB   33 MB/s      0s[K[?25h[?2026l[?2026h[?25l[A[1Gpulling manifest [K
pulling 02a8b7e17487:  98% ▕█████████████████ ▏ 1.6 GB/1.7 GB   33 MB/s      0s[K[?25h[?2026l[?2026h[?25l[A[1Gpulling manifest [K
pulling 02a8b7e17487:  98% ▕█████████████████ ▏ 1.6 GB/1.7 GB   33 MB/s      0s[K[?25h[?2026l[?2026h[?25l[A[1Gpulling manifest [K
pulling 02a8b7e17487:  98% ▕█████████████████ ▏ 1.6 GB/1.7 GB   29 MB/s      1s[K[?25h[?2026l[?2026h[?25l[A[1Gpulling manifest [K
pulling 02a8b7e17487:  98% ▕█████████████████ ▏ 1.6 GB/1.7 GB   29 MB/s      0s[K[?25h[?2026l[?2026h[?25l[A[1Gpulling manifest [K
pulling 02a8b7e17487:  98% ▕█████████████████ ▏ 1.6 GB/1.7 GB   29 MB/s      0s[K[?25h[?2026l[?2026h[?25l[A[1Gpulling manifest [K
pulling 02a8b7e17487:  98% ▕█████████████████ ▏ 1.6 GB/1.7 GB   29 MB/s      0s[K[?25h[?2026l[?2026h[?25l[A[1Gpulling manifest [K
pulling 02a8b7e17487:  98% ▕█████████████████ ▏ 1.6 GB/1.7 GB   29 MB/s      0s[K[?25h[?2026l[?2026h[?25l[A[1Gpulling manifest [K
pulling 02a8b7e17487:  98% ▕█████████████████ ▏ 1.6 GB/1.7 GB   29 MB/s      0s[K[?25h[?2026l[?2026h[?25l[A[1Gpulling manifest [K
pulling 02a8b7e17487:  98% ▕█████████████████ ▏ 1.6 GB/1.7 GB   29 MB/s      0s[K[?25h[?2026l[?2026h[?25l[A[1Gpulling manifest [K
pulling 02a8b7e17487:  98% ▕█████████████████ ▏ 1.6 GB/1.7 GB   29 MB/s      0s[K[?25h[?2026l[?2026h[?25l[A[1Gpulling manifest [K
pulling 02a8b7e17487:  98% ▕█████████████████ ▏ 1.6 GB/1.7 GB   29 MB/s      0s[K[?25h[?2026l[?2026h[?25l[A[1Gpulling manifest [K
pulling 02a8b7e17487:  99% ▕█████████████████ ▏ 1.6 GB/1.7 GB   29 MB/s      0s[K[?25h[?2026l[?2026h[?25l[A[1Gpulling manifest [K
pulling 02a8b7e17487:  99% ▕█████████████████ ▏ 1.6 GB/1.7 GB   24 MB/s      1s[K[?25h[?2026l[?2026h[?25l[A[1Gpulling manifest [K
pulling 02a8b7e17487:  99% ▕█████████████████ ▏ 1.7 GB/1.7 GB   24 MB/s      0s[K[?25h[?2026l[?2026h[?25l[A[1Gpulling manifest [K
pulling 02a8b7e17487:  99% ▕█████████████████ ▏ 1.7 GB/1.7 GB   24 MB/s      0s[K[?25h[?2026l[?2026h[?25l[A[1Gpulling manifest [K
pulling 02a8b7e17487:  99% ▕█████████████████ ▏ 1.7 GB/1.7 GB   24 MB/s      0s[K[?25h[?2026l[?2026h[?25l[A[1Gpulling manifest [K
pulling 02a8b7e17487:  99% ▕█████████████████ ▏ 1.7 GB/1.7 GB   24 MB/s      0s[K[?25h[?2026l[?2026h[?25l[A[1Gpulling manifest [K
pulling 02a8b7e17487:  99% ▕█████████████████ ▏ 1.7 GB/1.7 GB   24 MB/s      0s[K[?25h[?2026l[?2026h[?25l[A[1Gpulling manifest [K
pulling 02a8b7e17487:  99% ▕█████████████████ ▏ 1.7 GB/1.7 GB   24 MB/s      0s[K[?25h[?2026l[?2026h[?25l[A[1Gpulling manifest [K
pulling 02a8b7e17487:  99% ▕█████████████████ ▏ 1.7 GB/1.7 GB   24 MB/s      0s[K[?25h[?2026l[?2026h[?25l[A[1Gpulling manifest [K
pulling 02a8b7e17487:  99% ▕█████████████████ ▏ 1.7 GB/1.7 GB   24 MB/s      0s[K[?25h[?2026l[?2026h[?25l[A[1Gpulling manifest [K
pulling 02a8b7e17487:  99% ▕█████████████████ ▏ 1.7 GB/1.7 GB   24 MB/s      0s[K[?25h[?2026l[?2026h[?25l[A[1Gpulling manifest [K
pulling 02a8b7e17487:  99% ▕█████████████████ ▏ 1.7 GB/1.7 GB   19 MB/s      0s[K[?25h[?2026l[?2026h[?25l[A[1Gpulling manifest [K
pulling 02a8b7e17487:  99% ▕█████████████████ ▏ 1.7 GB/1.7 GB   19 MB/s      0s[K[?25h[?2026l[?2026h[?25l[A[1Gpulling manifest [K
pulling 02a8b7e17487:  99% ▕█████████████████ ▏ 1.7 GB/1.7 GB   19 MB/s      0s[K[?25h[?2026l[?2026h[?25l[A[1Gpulling manifest [K
pulling 02a8b7e17487:  99% ▕█████████████████ ▏ 1.7 GB/1.7 GB   19 MB/s      0s[K[?25h[?2026l[?2026h[?25l[A[1Gpulling manifest [K
pulling 02a8b7e17487:  99% ▕█████████████████ ▏ 1.7 GB/1.7 GB   19 MB/s      0s[K[?25h[?2026l[?2026h[?25l[A[1Gpulling manifest [K
pulling 02a8b7e17487:  99% ▕█████████████████ ▏ 1.7 GB/1.7 GB   19 MB/s      0s[K[?25h[?2026l[?2026h[?25l[A[1Gpulling manifest [K
pulling 02a8b7e17487:  99% ▕█████████████████ ▏ 1.7 GB/1.7 GB   19 MB/s      0s[K[?25h[?2026l[?2026h[?25l[A[1Gpulling manifest [K
pulling 02a8b7e17487:  99% ▕█████████████████ ▏ 1.7 GB/1.7 GB   19 MB/s      0s[K[?25h[?2026l[?2026h[?25l[A[1Gpulling manifest [K
pulling 02a8b7e17487:  99% ▕█████████████████ ▏ 1.7 GB/1.7 GB   19 MB/s      0s[K[?25h[?2026l[?2026h[?25l[A[1Gpulling manifest [K
pulling 02a8b7e17487:  99% ▕█████████████████ ▏ 1.7 GB/1.7 GB   19 MB/s      0s[K[?25h[?2026l[?2026h[?25l[A[1Gpulling manifest [K
pulling 02a8b7e17487:  99% ▕█████████████████ ▏ 1.7 GB/1.7 GB   15 MB/s      0s[K[?25h[?2026l[?2026h[?25l[A[1Gpulling manifest [K
pulling 02a8b7e17487:  99% ▕█████████████████ ▏ 1.7 GB/1.7 GB   15 MB/s      0s[K[?25h[?2026l[?2026h[?25l[A[1Gpulling manifest [K
pulling 02a8b7e17487:  99% ▕█████████████████ ▏ 1.7 GB/1.7 GB   15 MB/s      0s[K[?25h[?2026l[?2026h[?25l[A[1Gpulling manifest [K
pulling 02a8b7e17487:  99% ▕█████████████████ ▏ 1.7 GB/1.7 GB   15 MB/s      0s[K[?25h[?2026l[?2026h[?25l[A[1Gpulling manifest [K
pulling 02a8b7e17487:  99% ▕█████████████████ ▏ 1.7 GB/1.7 GB   15 MB/s      0s[K[?25h[?2026l[?2026h[?25l[A[1Gpulling manifest [K
pulling 02a8b7e17487:  99% ▕█████████████████ ▏ 1.7 GB/1.7 GB   15 MB/s      0s[K[?25h[?2026l[?2026h[?25l[A[1Gpulling manifest [K
pulling 02a8b7e17487:  99% ▕█████████████████ ▏ 1.7 GB/1.7 GB   15 MB/s      0s[K[?25h[?2026l[?2026h[?25l[A[1Gpulling manifest [K
pulling 02a8b7e17487:  99% ▕█████████████████ ▏ 1.7 GB/1.7 GB   15 MB/s      0s[K[?25h[?2026l[?2026h[?25l[A[1Gpulling manifest [K
pulling 02a8b7e17487:  99% ▕█████████████████ ▏ 1.7 GB/1.7 GB   15 MB/s      0s[K[?25h[?2026l[?2026h[?25l[A[1Gpulling manifest [K
pulling 02a8b7e17487:  99% ▕█████████████████ ▏ 1.7 GB/1.7 GB   15 MB/s      0s[K[?25h[?2026l[?2026h[?25l[A[1Gpulling manifest [K
pulling 02a8b7e17487:  99% ▕█████████████████ ▏ 1.7 GB/1.7 GB   12 MB/s      0s[K[?25h[?2026l[?2026h[?25l[A[1Gpulling manifest [K
pulling 02a8b7e17487:  99% ▕█████████████████ ▏ 1.7 GB/1.7 GB   12 MB/s      0s[K[?25h[?2026l[?2026h[?25l[A[1Gpulling manifest [K
pulling 02a8b7e17487:  99% ▕█████████████████ ▏ 1.7 GB/1.7 GB   12 MB/s      0s[K[?25h[?2026l[?2026h[?25l[A[1Gpulling manifest [K
pulling 02a8b7e17487:  99% ▕█████████████████ ▏ 1.7 GB/1.7 GB   12 MB/s      0s[K[?25h[?2026l[?2026h[?25l[A[1Gpulling manifest [K
pulling 02a8b7e17487: 100% ▕█████████████████ ▏ 1.7 GB/1.7 GB   12 MB/s      0s[K[?25h[?2026l[?2026h[?25l[A[1Gpulling manifest [K
pulling 02a8b7e17487: 100% ▕█████████████████ ▏ 1.7 GB/1.7 GB   12 MB/s      0s[K[?25h[?2026l[?2026h[?25l[A[1Gpulling manifest [K
pulling 02a8b7e17487: 100% ▕█████████████████ ▏ 1.7 GB/1.7 GB   12 MB/s      0s[K[?25h[?2026l[?2026h[?25l[A[1Gpulling manifest [K
pulling 02a8b7e17487: 100% ▕█████████████████ ▏ 1.7 GB/1.7 GB   12 MB/s      0s[K[?25h[?2026l[?2026h[?25l[A[1Gpulling manifest [K
pulling 02a8b7e17487: 100% ▕█████████████████ ▏ 1.7 GB/1.7 GB   12 MB/s      0s[K[?25h[?2026l[?2026h[?25l[A[1Gpulling manifest [K
pulling 02a8b7e17487: 100% ▕█████████████████ ▏ 1.7 GB/1.7 GB   12 MB/s      0s[K[?25h[?2026l[?2026h[?25l[A[1Gpulling manifest [K
pulling 02a8b7e17487: 100% ▕█████████████████ ▏ 1.7 GB/1.7 GB   12 MB/s      0s[K[?25h[?2026l[?2026h[?25l[A[1Gpulling manifest [K
pulling 02a8b7e17487: 100% ▕█████████████████ ▏ 1.7 GB/1.7 GB  9.9 MB/s      0s[K[?25h[?2026l[?2026h[?25l[A[1Gpulling manifest [K
pulling 02a8b7e17487: 100% ▕█████████████████ ▏ 1.7 GB/1.7 GB  9.9 MB/s      0s[K[?25h[?2026l[?2026h[?25l[A[1Gpulling manifest [K
pulling 02a8b7e17487: 100% ▕█████████████████ ▏ 1.7 GB/1.7 GB  9.9 MB/s      0s[K[?25h[?2026l[?2026h[?25l[A[1Gpulling manifest [K
pulling 02a8b7e17487: 100% ▕█████████████████ ▏ 1.7 GB/1.7 GB  9.9 MB/s      0s[K[?25h[?2026l[?2026h[?25l[A[1Gpulling manifest [K
pulling 02a8b7e17487: 100% ▕█████████████████ ▏ 1.7 GB/1.7 GB  9.9 MB/s      0s[K[?25h[?2026l[?2026h[?25l[A[1Gpulling manifest [K
pulling 02a8b7e17487: 100% ▕█████████████████ ▏ 1.7 GB/1.7 GB  9.9 MB/s      0s[K[?25h[?2026l[?2026h[?25l[A[1Gpulling manifest [K
pulling 02a8b7e17487: 100% ▕█████████████████ ▏ 1.7 GB/1.7 GB  9.9 MB/s      0s[K[?25h[?2026l[?2026h[?25l[A[1Gpulling manifest [K
pulling 02a8b7e17487: 100% ▕█████████████████ ▏ 1.7 GB/1.7 GB  9.9 MB/s      0s[K[?25h[?2026l[?2026h[?25l[A[1Gpulling manifest [K
pulling 02a8b7e17487: 100% ▕█████████████████ ▏ 1.7 GB/1.7 GB  9.9 MB/s      0s[K[?25h[?2026l[?2026h[?25l[A[1Gpulling manifest [K
pulling 02a8b7e17487: 100% ▕█████████████████ ▏ 1.7 GB/1.7 GB  9.9 MB/s      0s[K[?25h[?2026l[?2026h[?25l[A[1Gpulling manifest [K
pulling 02a8b7e17487: 100% ▕█████████████████ ▏ 1.7 GB/1.7 GB  8.1 MB/s      0s[K[?25h[?2026l[?2026h[?25l[A[1Gpulling manifest [K
pulling 02a8b7e17487: 100% ▕█████████████████ ▏ 1.7 GB/1.7 GB  8.1 MB/s      0s[K[?25h[?2026l[?2026h[?25l[A[1Gpulling manifest [K
pulling 02a8b7e17487: 100% ▕█████████████████ ▏ 1.7 GB/1.7 GB  8.1 MB/s      0s[K[?25h[?2026l[?2026h[?25l[A[1Gpulling manifest [K
pulling 02a8b7e17487: 100% ▕█████████████████ ▏ 1.7 GB/1.7 GB  8.1 MB/s      0s[K[?25h[?2026l[?2026h[?25l[A[1Gpulling manifest [K
pulling 02a8b7e17487: 100% ▕█████████████████ ▏ 1.7 GB/1.7 GB  8.1 MB/s      0s[K[?25h[?2026l[?2026h[?25l[A[1Gpulling manifest [K
pulling 02a8b7e17487: 100% ▕█████████████████ ▏ 1.7 GB/1.7 GB  8.1 MB/s      0s[K[?25h[?2026l[?2026h[?25l[A[1Gpulling manifest [K
pulling 02a8b7e17487: 100% ▕█████████████████ ▏ 1.7 GB/1.7 GB  8.1 MB/s      0s[K[?25h[?2026l[?2026h[?25l[A[1Gpulling manifest [K
pulling 02a8b7e17487: 100% ▕█████████████████ ▏ 1.7 GB/1.7 GB  8.1 MB/s      0s[K[?25h[?2026l[?2026h[?25l[A[1Gpulling manifest [K
pulling 02a8b7e17487: 100% ▕█████████████████ ▏ 1.7 GB/1.7 GB  8.1 MB/s      0s[K[?25h[?2026l[?2026h[?25l[A[1Gpulling manifest [K
pulling 02a8b7e17487: 100% ▕█████████████████ ▏ 1.7 GB/1.7 GB  8.1 MB/s      0s[K[?25h[?2026l[?2026h[?25l[A[1Gpulling manifest [K
pulling 02a8b7e17487: 100% ▕█████████████████ ▏ 1.7 GB/1.7 GB  5.6 MB/s      0s[K[?25h[?2026l[?2026h[?25l[A[1Gpulling manifest [K
pulling 02a8b7e17487: 100% ▕█████████████████ ▏ 1.7 GB/1.7 GB  5.6 MB/s      0s[K[?25h[?2026l[?2026h[?25l[A[1Gpulling manifest [K
pulling 02a8b7e17487: 100% ▕█████████████████ ▏ 1.7 GB/1.7 GB  5.6 MB/s      0s[K[?25h[?2026l[?2026h[?25l[A[1Gpulling manifest [K
pulling 02a8b7e17487: 100% ▕█████████████████ ▏ 1.7 GB/1.7 GB  5.6 MB/s      0s[K[?25h[?2026l[?2026h[?25l[A[1Gpulling manifest [K
pulling 02a8b7e17487: 100% ▕█████████████████ ▏ 1.7 GB/1.7 GB  5.6 MB/s      0s[K[?25h[?2026l[?2026h[?25l[A[1Gpulling manifest [K
pulling 02a8b7e17487: 100% ▕█████████████████ ▏ 1.7 GB/1.7 GB  5.6 MB/s      0s[K[?25h[?2026l[?2026h[?25l[A[1Gpulling manifest [K
pulling 02a8b7e17487: 100% ▕█████████████████ ▏ 1.7 GB/1.7 GB  5.6 MB/s      0s[K[?25h[?2026l[?2026h[?25l[A[1Gpulling manifest [K
pulling 02a8b7e17487: 100% ▕█████████████████ ▏ 1.7 GB/1.7 GB  5.6 MB/s      0s[K[?25h[?2026l[?2026h[?25l[A[1Gpulling manifest [K
pulling 02a8b7e17487: 100% ▕█████████████████ ▏ 1.7 GB/1.7 GB  5.6 MB/s      0s[K[?25h[?2026l[?2026h[?25l[A[1Gpulling manifest [K
pulling 02a8b7e17487: 100% ▕█████████████████ ▏ 1.7 GB/1.7 GB  5.6 MB/s      0s[K[?25h[?2026l[?2026h[?25l[A[1Gpulling manifest [K
pulling 02a8b7e17487: 100% ▕█████████████████ ▏ 1.7 GB/1.7 GB  4.5 MB/s      0s[K[?25h[?2026l[?2026h[?25l[A[1Gpulling manifest [K
pulling 02a8b7e17487: 100% ▕█████████████████ ▏ 1.7 GB/1.7 GB  4.5 MB/s      0s[K[?25h[?2026l[?2026h[?25l[A[1Gpulling manifest [K
pulling 02a8b7e17487: 100% ▕█████████████████ ▏ 1.7 GB/1.7 GB  4.5 MB/s      0s[K[?25h[?2026l[?2026h[?25l[A[1Gpulling manifest [K
pulling 02a8b7e17487: 100% ▕█████████████████ ▏ 1.7 GB/1.7 GB  4.5 MB/s      0s[K[?25h[?2026l[?2026h[?25l[A[1Gpulling manifest [K
pulling 02a8b7e17487: 100% ▕█████████████████ ▏ 1.7 GB/1.7 GB  4.5 MB/s      0s[K[?25h[?2026l[?2026h[?25l[A[1Gpulling manifest [K
pulling 02a8b7e17487: 100% ▕█████████████████ ▏ 1.7 GB/1.7 GB  4.5 MB/s      0s[K[?25h[?2026l[?2026h[?25l[A[1Gpulling manifest [K
pulling 02a8b7e17487: 100% ▕█████████████████ ▏ 1.7 GB/1.7 GB  4.5 MB/s      0s[K[?25h[?2026l[?2026h[?25l[A[1Gpulling manifest [K
pulling 02a8b7e17487: 100% ▕█████████████████ ▏ 1.7 GB/1.7 GB  4.5 MB/s      0s[K[?25h[?2026l[?2026h[?25l[A[1Gpulling manifest [K
pulling 02a8b7e17487: 100% ▕█████████████████ ▏ 1.7 GB/1.7 GB  4.5 MB/s      0s[K[?25h[?2026l[?2026h[?25l[A[1Gpulling manifest [K
pulling 02a8b7e17487: 100% ▕█████████████████ ▏ 1.7 GB/1.7 GB  4.5 MB/s      0s[K[?25h[?2026l[?2026h[?25l[A[1Gpulling manifest [K
pulling 02a8b7e17487: 100% ▕█████████████████ ▏ 1.7 GB/1.7 GB  4.5 MB/s      0s[K[?25h[?2026l[?2026h[?25l[A[1Gpulling manifest [K
pulling 02a8b7e17487: 100% ▕█████████████████ ▏ 1.7 GB/1.7 GB  4.5 MB/s      0s[K[?25h[?2026l[?2026h[?25l[A[1Gpulling manifest [K
pulling 02a8b7e17487: 100% ▕█████████████████ ▏ 1.7 GB/1.7 GB  4.5 MB/s      0s[K[?25h[?2026l[?2026h[?25l[A[1Gpulling manifest [K
pulling 02a8b7e17487: 100% ▕█████████████████ ▏ 1.7 GB/1.7 GB  4.5 MB/s      0s[K[?25h[?2026l[?2026h[?25l[A[1Gpulling manifest [K
pulling 02a8b7e17487: 100% ▕█████████████████ ▏ 1.7 GB/1.7 GB  4.5 MB/s      0s[K[?25h[?2026l[?2026h[?25l[A[1Gpulling manifest [K
pulling 02a8b7e17487: 100% ▕█████████████████ ▏ 1.7 GB/1.7 GB  4.5 MB/s      0s[K[?25h[?2026l[?2026h[?25l[A[1Gpulling manifest [K
pulling 02a8b7e17487: 100% ▕█████████████████ ▏ 1.7 GB/1.7 GB  4.5 MB/s      0s[K[?25h[?2026l[?2026h[?25l[A[1Gpulling manifest [K
pulling 02a8b7e17487: 100% ▕█████████████████ ▏ 1.7 GB/1.7 GB  4.5 MB/s      0s[K[?25h[?2026l[?2026h[?25l[A[1Gpulling manifest [K
pulling 02a8b7e17487: 100% ▕█████████████████ ▏ 1.7 GB/1.7 GB  4.5 MB/s      0s[K[?25h[?2026l[?2026h[?25l[A[1Gpulling manifest [K
pulling 02a8b7e17487: 100% ▕█████████████████ ▏ 1.7 GB/1.7 GB  4.5 MB/s      0s[K[?25h[?2026l[?2026h[?25l[A[1Gpulling manifest [K
pulling 02a8b7e17487: 100% ▕█████████████████ ▏ 1.7 GB/1.7 GB  4.5 MB/s      0s[K[?25h[?2026l[?2026h[?25l[A[1Gpulling manifest [K
pulling 02a8b7e17487: 100% ▕█████████████████ ▏ 1.7 GB/1.7 GB  4.5 MB/s      0s[K[?25h[?2026l[?2026h[?25l[A[1Gpulling manifest [K
pulling 02a8b7e17487: 100% ▕█████████████████ ▏ 1.7 GB/1.7 GB  4.5 MB/s      0s[K[?25h[?2026l[?2026h[?25l[A[1Gpulling manifest [K
pulling 02a8b7e17487: 100% ▕█████████████████ ▏ 1.7 GB/1.7 GB  4.5 MB/s      0s[K[?25h[?2026l[?2026h[?25l[A[1Gpulling manifest [K
pulling 02a8b7e17487: 100% ▕█████████████████ ▏ 1.7 GB/1.7 GB  4.5 MB/s      0s[K[?25h[?2026l[?2026h[?25l[A[1Gpulling manifest [K
pulling 02a8b7e17487: 100% ▕█████████████████ ▏ 1.7 GB/1.7 GB  4.5 MB/s      0s[K[?25h[?2026l[?2026h[?25l[A[1Gpulling manifest [K
pulling 02a8b7e17487: 100% ▕█████████████████ ▏ 1.7 GB/1.7 GB  4.5 MB/s      0s[K
verifying sha256 digest ⠋ [K[?25h[?2026l[?2026h[?25l[A[A[1Gpulling manifest [K
pulling 02a8b7e17487: 100% ▕█████████████████ ▏ 1.7 GB/1.7 GB  4.5 MB/s      0s[K
verifying sha256 digest ⠙ [K[?25h[?2026l[?2026h[?25l[A[A[1Gpulling manifest [K
pulling 02a8b7e17487: 100% ▕█████████████████ ▏ 1.7 GB/1.7 GB  4.5 MB/s      0s[K
verifying sha256 digest ⠹ [K[?25h[?2026l[?2026h[?25l[A[A[1Gpulling manifest [K
pulling 02a8b7e17487: 100% ▕█████████████████ ▏ 1.7 GB/1.7 GB  4.5 MB/s      0s[K
verifying sha256 digest ⠸ [K[?25h[?2026l[?2026h[?25l[A[A[1Gpulling manifest [K
pulling 02a8b7e17487: 100% ▕█████████████████ ▏ 1.7 GB/1.7 GB  4.5 MB/s      0s[K
verifying sha256 digest ⠼ [K[?25h[?2026l[?2026h[?25l[A[A[1Gpulling manifest [K
pulling 02a8b7e17487: 100% ▕█████████████████ ▏ 1.7 GB/1.7 GB  4.5 MB/s      0s[K
verifying sha256 digest ⠴ [K[?25h[?2026l[?2026h[?25l[A[A[1Gpulling manifest [K
pulling 02a8b7e17487: 100% ▕█████████████████ ▏ 1.7 GB/1.7 GB  4.5 MB/s      0s[K
verifying sha256 digest ⠦ [K[?25h[?2026l[?2026h[?25l[A[A[1Gpulling manifest [K
pulling 02a8b7e17487: 100% ▕█████████████████ ▏ 1.7 GB/1.7 GB  4.5 MB/s      0s[K
verifying sha256 digest ⠧ [K[?25h[?2026l[?2026h[?25l[A[A[1Gpulling manifest [K
pulling 02a8b7e17487: 100% ▕█████████████████ ▏ 1.7 GB/1.7 GB  4.5 MB/s      0s[K
verifying sha256 digest ⠇ [K[?25h[?2026l[?2026h[?25l[A[A[1Gpulling manifest [K
pulling 02a8b7e17487: 100% ▕█████████████████ ▏ 1.7 GB/1.7 GB  4.5 MB/s      0s[K
verifying sha256 digest ⠏ [K[?25h[?2026l[?2026h[?25l[A[A[1Gpulling manifest [K
pulling 02a8b7e17487: 100% ▕█████████████████ ▏ 1.7 GB/1.7 GB  4.5 MB/s      0s[K
verifying sha256 digest ⠋ [K[?25h[?2026l[?2026h[?25l[A[A[1Gpulling manifest [K
pulling 02a8b7e17487: 100% ▕█████████████████ ▏ 1.7 GB/1.7 GB  4.5 MB/s      0s[K
verifying sha256 digest ⠙ [K[?25h[?2026l[?2026h[?25l[A[A[1Gpulling manifest [K
pulling 02a8b7e17487: 100% ▕█████████████████ ▏ 1.7 GB/1.7 GB  4.5 MB/s      0s[K
verifying sha256 digest [K
writing manifest [K
success [K[?25h[?2026l
