{"model":"hf.co/LiquidAI/LFM2.5-2.6B-GGUF:Q4_K_M","created_at":"2026-08-20T09:30:46.297171065Z","message":{"role":"assistant","content":"","thinking":"The user wants me to reply exactly with"},"done":true,"done_reason":"length","total_duration":3303167859,"load_duration":2375376450,"prompt_eval_count":14,"prompt_eval_duration":528721000,"eval_count":8,"eval_duration":396712000}
{
  "models": [
    {
      "context_length": 98304,
      "details": {
        "families": [
          "lfm2"
        ],
        "family": "lfm2",
        "format": "gguf",
        "parameter_size": "2.7B",
        "parent_model": "",
        "quantization_level": "unknown"
      },
      "digest": "26d07caa2ddb76ed45e54f71deb656b7ff5b9c8978feabfa84407d69022c9198",
      "expires_at": "2026-08-20T10:00:46.297456198Z",
      "model": "hf.co/LiquidAI/LFM2.5-2.6B-GGUF:Q4_K_M",
      "name": "hf.co/LiquidAI/LFM2.5-2.6B-GGUF:Q4_K_M",
      "size": 3994990672,
      "size_vram": 0
    }
  ]
}
