pulling 02a8b7e17487:  73% ▕█████████████     ▏ 1.2 GB/1.7 GB  302 MB/s      1s[K[?25h[?2026l[?2026h[?25l[A[1Gpulling manifest [K
pulling 02a8b7e17487:  74% ▕█████████████     ▏ 1.2 GB/1.7 GB  302 MB/s      1s[K[?25h[?2026l[?2026h[?25l[A[1Gpulling manifest [K
pulling 02a8b7e17487:  75% ▕█████████████     ▏ 1.2 GB/1.7 GB  302 MB/s      1s[K[?25h[?2026l[?2026h[?25l[A[1Gpulling manifest [K
pulling 02a8b7e17487:  75% ▕█████████████     ▏ 1.3 GB/1.7 GB  302 MB/s      1s[K[?25h[?2026l[?2026h[?25l[A[1Gpulling manifest [K
pulling 02a8b7e17487:  76% ▕█████████████     ▏ 1.3 GB/1.7 GB  302 MB/s      1s[K[?25h[?2026l[?2026h[?25l[A[1Gpulling manifest [K
pulling 02a8b7e17487:  76% ▕█████████████     ▏ 1.3 GB/1.7 GB  302 MB/s      1s[K[?25h[?2026l[?2026h[?25l[A[1Gpulling manifest [K
pulling 02a8b7e17487:  77% ▕█████████████     ▏ 1.3 GB/1.7 GB  302 MB/s      1s[K[?25h[?2026l[?2026h[?25l[A[1Gpulling manifest [K
pulling 02a8b7e17487:  77% ▕█████████████     ▏ 1.3 GB/1.7 GB  302 MB/s      1s[K[?25h[?2026l[?2026h[?25l[A[1Gpulling manifest [K
pulling 02a8b7e17487:  77% ▕█████████████     ▏ 1.3 GB/1.7 GB  302 MB/s      1s[K[?25h[?2026l[?2026h[?25l[A[1Gpulling manifest [K
pulling 02a8b7e17487:  78% ▕██████████████    ▏ 1.3 GB/1.7 GB  260 MB/s      1s[K[?25h[?2026l[?2026h[?25l[A[1Gpulling manifest [K
pulling 02a8b7e17487:  78% ▕██████████████    ▏ 1.3 GB/1.7 GB  260 MB/s      1s[K[?25h[?2026l[?2026h[?25l[A[1Gpulling manifest [K
pulling 02a8b7e17487:  79% ▕██████████████    ▏ 1.3 GB/1.7 GB  260 MB/s      1s[K[?25h[?2026l[?2026h[?25l[A[1Gpulling manifest [K
pulling 02a8b7e17487:  79% ▕██████████████    ▏ 1.3 GB/1.7 GB  260 MB/s      1s[K[?25h[?2026l[?2026h[?25l[A[1Gpulling manifest [K
pulling 02a8b7e17487:  79% ▕██████████████    ▏ 1.3 GB/1.7 GB  260 MB/s      1s[K[?25h[?2026l[?2026h[?25l[A[1Gpulling manifest [K
pulling 02a8b7e17487:  80% ▕██████████████    ▏ 1.3 GB/1.7 GB  260 MB/s      1s[K[?25h[?2026l[?2026h[?25l[A[1Gpulling manifest [K
pulling 02a8b7e17487:  80% ▕██████████████    ▏ 1.3 GB/1.7 GB  260 MB/s      1s[K[?25h[?2026l[?2026h[?25l[A[1Gpulling manifest [K
pulling 02a8b7e17487:  80% ▕██████████████    ▏ 1.3 GB/1.7 GB  260 MB/s      1s[K[?25h[?2026l[?2026h[?25l[A[1Gpulling manifest [K
pulling 02a8b7e17487:  81% ▕██████████████    ▏ 1.4 GB/1.7 GB  260 MB/s      1s[K[?25h[?2026l[?2026h[?25l[A[1Gpulling manifest [K
pulling 02a8b7e17487:  81% ▕██████████████    ▏ 1.4 GB/1.7 GB  260 MB/s      1s[K[?25h[?2026l[?2026h[?25l[A[1Gpulling manifest [K
pulling 02a8b7e17487:  81% ▕██████████████    ▏ 1.4 GB/1.7 GB  227 MB/s      1s[K[?25h[?2026l[?2026h[?25l[A[1Gpulling manifest [K
pulling 02a8b7e17487:  82% ▕██████████████    ▏ 1.4 GB/1.7 GB  227 MB/s      1s[K[?25h[?2026l[?2026h[?25l[A[1Gpulling manifest [K
pulling 02a8b7e17487:  82% ▕██████████████    ▏ 1.4 GB/1.7 GB  227 MB/s      1s[K[?25h[?2026l[?2026h[?25l[A[1Gpulling manifest [K
pulling 02a8b7e17487:  83% ▕██████████████    ▏ 1.4 GB/1.7 GB  227 MB/s      1s[K[?25h[?2026l[?2026h[?25l[A[1Gpulling manifest [K
pulling 02a8b7e17487:  83% ▕██████████████    ▏ 1.4 GB/1.7 GB  227 MB/s      1s[K[?25h[?2026l[?2026h[?25l[A[1Gpulling manifest [K
pulling 02a8b7e17487:  83% ▕███████████████   ▏ 1.4 GB/1.7 GB  227 MB/s      1s[K[?25h[?2026l[?2026h[?25l[A[1Gpulling manifest [K
pulling 02a8b7e17487:  84% ▕███████████████   ▏ 1.4 GB/1.7 GB  227 MB/s      1s[K[?25h[?2026l[?2026h[?25l[A[1Gpulling manifest [K
pulling 02a8b7e17487:  84% ▕███████████████   ▏ 1.4 GB/1.7 GB  227 MB/s      1s[K[?25h[?2026l[?2026h[?25l[A[1Gpulling manifest [K
pulling 02a8b7e17487:  85% ▕███████████████   ▏ 1.4 GB/1.7 GB  227 MB/s      1s[K[?25h[?2026l[?2026h[?25l[A[1Gpulling manifest [K
pulling 02a8b7e17487:  85% ▕███████████████   ▏ 1.4 GB/1.7 GB  227 MB/s      1s[K[?25h[?2026l[?2026h[?25l[A[1Gpulling manifest [K
pulling 02a8b7e17487:  85% ▕███████████████   ▏ 1.4 GB/1.7 GB  203 MB/s      1s[K[?25h[?2026l[?2026h[?25l[A[1Gpulling manifest [K
pulling 02a8b7e17487:  86% ▕███████████████   ▏ 1.4 GB/1.7 GB  203 MB/s      1s[K[?25h[?2026l[?2026h[?25l[A[1Gpulling manifest [K
pulling 02a8b7e17487:  86% ▕███████████████   ▏ 1.4 GB/1.7 GB  203 MB/s      1s[K[?25h[?2026l[?2026h[?25l[A[1Gpulling manifest [K
pulling 02a8b7e17487:  86% ▕███████████████   ▏ 1.4 GB/1.7 GB  203 MB/s      1s[K[?25h[?2026l[?2026h[?25l[A[1Gpulling manifest [K
pulling 02a8b7e17487:  87% ▕███████████████   ▏ 1.5 GB/1.7 GB  203 MB/s      1s[K[?25h[?2026l[?2026h[?25l[A[1Gpulling manifest [K
pulling 02a8b7e17487:  87% ▕███████████████   ▏ 1.5 GB/1.7 GB  203 MB/s      1s[K[?25h[?2026l[?2026h[?25l[A[1Gpulling manifest [K
pulling 02a8b7e17487:  87% ▕███████████████   ▏ 1.5 GB/1.7 GB  203 MB/s      1s[K[?25h[?2026l[?2026h[?25l[A[1Gpulling manifest [K
pulling 02a8b7e17487:  88% ▕███████████████   ▏ 1.5 GB/1.7 GB  203 MB/s      1s[K[?25h[?2026l[?2026h[?25l[A[1Gpulling manifest [K
pulling 02a8b7e17487:  88% ▕███████████████   ▏ 1.5 GB/1.7 GB  203 MB/s      1s[K[?25h[?2026l[?2026h[?25l[A[1Gpulling manifest [K
pulling 02a8b7e17487:  88% ▕███████████████   ▏ 1.5 GB/1.7 GB  203 MB/s      0s[K[?25h[?2026l[?2026h[?25l[A[1Gpulling manifest [K
pulling 02a8b7e17487:  88% ▕███████████████   ▏ 1.5 GB/1.7 GB  185 MB/s      1s[K[?25h[?2026l[?2026h[?25l[A[1Gpulling manifest [K
pulling 02a8b7e17487:  89% ▕███████████████   ▏ 1.5 GB/1.7 GB  185 MB/s      1s[K[?25h[?2026l[?2026h[?25l[A[1Gpulling manifest [K
pulling 02a8b7e17487:  89% ▕████████████████  ▏ 1.5 GB/1.7 GB  185 MB/s      0s[K[?25h[?2026l[?2026h[?25l[A[1Gpulling manifest [K
pulling 02a8b7e17487:  90% ▕████████████████  ▏ 1.5 GB/1.7 GB  185 MB/s      0s[K[?25h[?2026l[?2026h[?25l[A[1Gpulling manifest [K
pulling 02a8b7e17487:  90% ▕████████████████  ▏ 1.5 GB/1.7 GB  185 MB/s      0s[K[?25h[?2026l[?2026h[?25l[A[1Gpulling manifest [K
pulling 02a8b7e17487:  90% ▕████████████████  ▏ 1.5 GB/1.7 GB  185 MB/s      0s[K[?25h[?2026l[?2026h[?25l[A[1Gpulling manifest [K
pulling 02a8b7e17487:  91% ▕████████████████  ▏ 1.5 GB/1.7 GB  185 MB/s      0s[K[?25h[?2026l[?2026h[?25l[A[1Gpulling manifest [K
pulling 02a8b7e17487:  91% ▕████████████████  ▏ 1.5 GB/1.7 GB  185 MB/s      0s[K[?25h[?2026l[?2026h[?25l[A[1Gpulling manifest [K
pulling 02a8b7e17487:  91% ▕████████████████  ▏ 1.5 GB/1.7 GB  185 MB/s      0s[K[?25h[?2026l[?2026h[?25l[A[1Gpulling manifest [K
pulling 02a8b7e17487:  92% ▕████████████████  ▏ 1.5 GB/1.7 GB  185 MB/s      0s[K[?25h[?2026l[?2026h[?25l[A[1Gpulling manifest [K
pulling 02a8b7e17487:  92% ▕████████████████  ▏ 1.5 GB/1.7 GB  185 MB/s      0s[K[?25h[?2026l[?2026h[?25l[A[1Gpulling manifest [K
pulling 02a8b7e17487:  93% ▕████████████████  ▏ 1.6 GB/1.7 GB  172 MB/s      0s[K[?25h[?2026l[?2026h[?25l[A[1Gpulling manifest [K
pulling 02a8b7e17487:  93% ▕████████████████  ▏ 1.6 GB/1.7 GB  172 MB/s      0s[K[?25h[?2026l[?2026h[?25l[A[1Gpulling manifest [K
pulling 02a8b7e17487:  93% ▕████████████████  ▏ 1.6 GB/1.7 GB  172 MB/s      0s[K[?25h[?2026l[?2026h[?25l[A[1Gpulling manifest [K
pulling 02a8b7e17487:  94% ▕████████████████  ▏ 1.6 GB/1.7 GB  172 MB/s      0s[K[?25h[?2026l[?2026h[?25l[A[1Gpulling manifest [K
pulling 02a8b7e17487:  94% ▕████████████████  ▏ 1.6 GB/1.7 GB  172 MB/s      0s[K[?25h[?2026l[?2026h[?25l[A[1Gpulling manifest [K
pulling 02a8b7e17487:  94% ▕████████████████  ▏ 1.6 GB/1.7 GB  172 MB/s      0s[K[?25h[?2026l[?2026h[?25l[A[1Gpulling manifest [K
pulling 02a8b7e17487:  94% ▕████████████████  ▏ 1.6 GB/1.7 GB  172 MB/s      0s[K[?25h[?2026l[?2026h[?25l[A[1Gpulling manifest [K
pulling 02a8b7e17487:  95% ▕█████████████████ ▏ 1.6 GB/1.7 GB  172 MB/s      0s[K[?25h[?2026l[?2026h[?25l[A[1Gpulling manifest [K
pulling 02a8b7e17487:  95% ▕█████████████████ ▏ 1.6 GB/1.7 GB  172 MB/s      0s[K[?25h[?2026l[?2026h[?25l[A[1Gpulling manifest [K
pulling 02a8b7e17487:  95% ▕█████████████████ ▏ 1.6 GB/1.7 GB  172 MB/s      0s[K[?25h[?2026l[?2026h[?25l[A[1Gpulling manifest [K
pulling 02a8b7e17487:  95% ▕█████████████████ ▏ 1.6 GB/1.7 GB  137 MB/s      0s[K[?25h[?2026l[?2026h[?25l[A[1Gpulling manifest [K
pulling 02a8b7e17487:  96% ▕█████████████████ ▏ 1.6 GB/1.7 GB  137 MB/s      0s[K[?25h[?2026l[?2026h[?25l[A[1Gpulling manifest [K
pulling 02a8b7e17487:  96% ▕█████████████████ ▏ 1.6 GB/1.7 GB  137 MB/s      0s[K[?25h[?2026l[?2026h[?25l[A[1Gpulling manifest [K
pulling 02a8b7e17487:  96% ▕█████████████████ ▏ 1.6 GB/1.7 GB  137 MB/s      0s[K[?25h[?2026l[?2026h[?25l[A[1Gpulling manifest [K
pulling 02a8b7e17487:  96% ▕█████████████████ ▏ 1.6 GB/1.7 GB  137 MB/s      0s[K[?25h[?2026l[?2026h[?25l[A[1Gpulling manifest [K
pulling 02a8b7e17487:  96% ▕█████████████████ ▏ 1.6 GB/1.7 GB  137 MB/s      0s[K[?25h[?2026l[?2026h[?25l[A[1Gpulling manifest [K
pulling 02a8b7e17487:  97% ▕█████████████████ ▏ 1.6 GB/1.7 GB  137 MB/s      0s[K[?25h[?2026l[?2026h[?25l[A[1Gpulling manifest [K
pulling 02a8b7e17487:  97% ▕█████████████████ ▏ 1.6 GB/1.7 GB  137 MB/s      0s[K[?25h[?2026l[?2026h[?25l[A[1Gpulling manifest [K
pulling 02a8b7e17487:  97% ▕█████████████████ ▏ 1.6 GB/1.7 GB  137 MB/s      0s[K[?25h[?2026l[?2026h[?25l[A[1Gpulling manifest [K
pulling 02a8b7e17487:  97% ▕█████████████████ ▏ 1.6 GB/1.7 GB  137 MB/s      0s[K[?25h[?2026l[?2026h[?25l[A[1Gpulling manifest [K
pulling 02a8b7e17487:  98% ▕█████████████████ ▏ 1.6 GB/1.7 GB   95 MB/s      0s[K[?25h[?2026l[?2026h[?25l[A[1Gpulling manifest [K
pulling 02a8b7e17487:  98% ▕█████████████████ ▏ 1.6 GB/1.7 GB   95 MB/s      0s[K[?25h[?2026l[?2026h[?25l[A[1Gpulling manifest [K
pulling 02a8b7e17487:  98% ▕█████████████████ ▏ 1.6 GB/1.7 GB   95 MB/s      0s[K[?25h[?2026l[?2026h[?25l[A[1Gpulling manifest [K
pulling 02a8b7e17487:  98% ▕█████████████████ ▏ 1.6 GB/1.7 GB   95 MB/s      0s[K[?25h[?2026l[?2026h[?25l[A[1Gpulling manifest [K
pulling 02a8b7e17487:  98% ▕█████████████████ ▏ 1.6 GB/1.7 GB   95 MB/s      0s[K[?25h[?2026l[?2026h[?25l[A[1Gpulling manifest [K
pulling 02a8b7e17487:  98% ▕█████████████████ ▏ 1.6 GB/1.7 GB   95 MB/s      0s[K[?25h[?2026l[?2026h[?25l[A[1Gpulling manifest [K
pulling 02a8b7e17487:  98% ▕█████████████████ ▏ 1.6 GB/1.7 GB   95 MB/s      0s[K[?25h[?2026l[?2026h[?25l[A[1Gpulling manifest [K
pulling 02a8b7e17487:  98% ▕█████████████████ ▏ 1.6 GB/1.7 GB   95 MB/s      0s[K[?25h[?2026l[?2026h[?25l[A[1Gpulling manifest [K
pulling 02a8b7e17487:  98% ▕█████████████████ ▏ 1.6 GB/1.7 GB   95 MB/s      0s[K[?25h[?2026l[?2026h[?25l[A[1Gpulling manifest [K
pulling 02a8b7e17487:  98% ▕█████████████████ ▏ 1.6 GB/1.7 GB   95 MB/s      0s[K[?25h[?2026l[?2026h[?25l[A[1Gpulling manifest [K
pulling 02a8b7e17487:  98% ▕█████████████████ ▏ 1.6 GB/1.7 GB   66 MB/s      0s[K[?25h[?2026l[?2026h[?25l[A[1Gpulling manifest [K
pulling 02a8b7e17487:  98% ▕█████████████████ ▏ 1.6 GB/1.7 GB   66 MB/s      0s[K[?25h[?2026l[?2026h[?25l[A[1Gpulling manifest [K
pulling 02a8b7e17487:  98% ▕█████████████████ ▏ 1.6 GB/1.7 GB   66 MB/s      0s[K[?25h[?2026l[?2026h[?25l[A[1Gpulling manifest [K
pulling 02a8b7e17487:  98% ▕█████████████████ ▏ 1.6 GB/1.7 GB   66 MB/s      0s[K[?25h[?2026l[?2026h[?25l[A[1Gpulling manifest [K
pulling 02a8b7e17487:  99% ▕█████████████████ ▏ 1.7 GB/1.7 GB   66 MB/s      0s[K[?25h[?2026l[?2026h[?25l[A[1Gpulling manifest [K
pulling 02a8b7e17487:  99% ▕█████████████████ ▏ 1.7 GB/1.7 GB   66 MB/s      0s[K[?25h[?2026l[?2026h[?25l[A[1Gpulling manifest [K
pulling 02a8b7e17487:  99% ▕█████████████████ ▏ 1.7 GB/1.7 GB   66 MB/s      0s[K[?25h[?2026l[?2026h[?25l[A[1Gpulling manifest [K
pulling 02a8b7e17487:  99% ▕█████████████████ ▏ 1.7 GB/1.7 GB   66 MB/s      0s[K[?25h[?2026l[?2026h[?25l[A[1Gpulling manifest [K
pulling 02a8b7e17487:  99% ▕█████████████████ ▏ 1.7 GB/1.7 GB   66 MB/s      0s[K[?25h[?2026l[?2026h[?25l[A[1Gpulling manifest [K
pulling 02a8b7e17487:  99% ▕█████████████████ ▏ 1.7 GB/1.7 GB   66 MB/s      0s[K[?25h[?2026l[?2026h[?25l[A[1Gpulling manifest [K
pulling 02a8b7e17487:  99% ▕█████████████████ ▏ 1.7 GB/1.7 GB   49 MB/s      0s[K[?25h[?2026l[?2026h[?25l[A[1Gpulling manifest [K
pulling 02a8b7e17487:  99% ▕█████████████████ ▏ 1.7 GB/1.7 GB   49 MB/s      0s[K[?25h[?2026l[?2026h[?25l[A[1Gpulling manifest [K
pulling 02a8b7e17487:  99% ▕█████████████████ ▏ 1.7 GB/1.7 GB   49 MB/s      0s[K[?25h[?2026l[?2026h[?25l[A[1Gpulling manifest [K
pulling 02a8b7e17487:  99% ▕█████████████████ ▏ 1.7 GB/1.7 GB   49 MB/s      0s[K[?25h[?2026l[?2026h[?25l[A[1Gpulling manifest [K
pulling 02a8b7e17487:  99% ▕█████████████████ ▏ 1.7 GB/1.7 GB   49 MB/s      0s[K[?25h[?2026l[?2026h[?25l[A[1Gpulling manifest [K
pulling 02a8b7e17487:  99% ▕█████████████████ ▏ 1.7 GB/1.7 GB   49 MB/s      0s[K[?25h[?2026l[?2026h[?25l[A[1Gpulling manifest [K
pulling 02a8b7e17487:  99% ▕█████████████████ ▏ 1.7 GB/1.7 GB   49 MB/s      0s[K[?25h[?2026l[?2026h[?25l[A[1Gpulling manifest [K
pulling 02a8b7e17487:  99% ▕█████████████████ ▏ 1.7 GB/1.7 GB   49 MB/s      0s[K[?25h[?2026l[?2026h[?25l[A[1Gpulling manifest [K
pulling 02a8b7e17487:  99% ▕█████████████████ ▏ 1.7 GB/1.7 GB   49 MB/s      0s[K[?25h[?2026l[?2026h[?25l[A[1Gpulling manifest [K
pulling 02a8b7e17487:  99% ▕█████████████████ ▏ 1.7 GB/1.7 GB   49 MB/s      0s[K[?25h[?2026l[?2026h[?25l[A[1Gpulling manifest [K
pulling 02a8b7e17487:  99% ▕█████████████████ ▏ 1.7 GB/1.7 GB   49 MB/s      0s[K[?25h[?2026l[?2026h[?25l[A[1Gpulling manifest [K
pulling 02a8b7e17487:  99% ▕█████████████████ ▏ 1.7 GB/1.7 GB   40 MB/s      0s[K[?25h[?2026l[?2026h[?25l[A[1Gpulling manifest [K
pulling 02a8b7e17487:  99% ▕█████████████████ ▏ 1.7 GB/1.7 GB   40 MB/s      0s[K[?25h[?2026l[?2026h[?25l[A[1Gpulling manifest [K
pulling 02a8b7e17487:  99% ▕█████████████████ ▏ 1.7 GB/1.7 GB   40 MB/s      0s[K[?25h[?2026l[?2026h[?25l[A[1Gpulling manifest [K
pulling 02a8b7e17487:  99% ▕█████████████████ ▏ 1.7 GB/1.7 GB   40 MB/s      0s[K[?25h[?2026l[?2026h[?25l[A[1Gpulling manifest [K
pulling 02a8b7e17487:  99% ▕█████████████████ ▏ 1.7 GB/1.7 GB   40 MB/s      0s[K[?25h[?2026l[?2026h[?25l[A[1Gpulling manifest [K
pulling 02a8b7e17487:  99% ▕█████████████████ ▏ 1.7 GB/1.7 GB   40 MB/s      0s[K[?25h[?2026l[?2026h[?25l[A[1Gpulling manifest [K
pulling 02a8b7e17487:  99% ▕█████████████████ ▏ 1.7 GB/1.7 GB   40 MB/s      0s[K[?25h[?2026l[?2026h[?25l[A[1Gpulling manifest [K
pulling 02a8b7e17487:  99% ▕█████████████████ ▏ 1.7 GB/1.7 GB   40 MB/s      0s[K[?25h[?2026l[?2026h[?25l[A[1Gpulling manifest [K
pulling 02a8b7e17487:  99% ▕█████████████████ ▏ 1.7 GB/1.7 GB   40 MB/s      0s[K[?25h[?2026l[?2026h[?25l[A[1Gpulling manifest [K
pulling 02a8b7e17487:  99% ▕█████████████████ ▏ 1.7 GB/1.7 GB   40 MB/s      0s[K[?25h[?2026l[?2026h[?25l[A[1Gpulling manifest [K
pulling 02a8b7e17487:  99% ▕█████████████████ ▏ 1.7 GB/1.7 GB   33 MB/s      0s[K[?25h[?2026l[?2026h[?25l[A[1Gpulling manifest [K
pulling 02a8b7e17487:  99% ▕█████████████████ ▏ 1.7 GB/1.7 GB   33 MB/s      0s[K[?25h[?2026l[?2026h[?25l[A[1Gpulling manifest [K
pulling 02a8b7e17487: 100% ▕█████████████████ ▏ 1.7 GB/1.7 GB   33 MB/s      0s[K[?25h[?2026l[?2026h[?25l[A[1Gpulling manifest [K
pulling 02a8b7e17487: 100% ▕█████████████████ ▏ 1.7 GB/1.7 GB   33 MB/s      0s[K[?25h[?2026l[?2026h[?25l[A[1Gpulling manifest [K
pulling 02a8b7e17487: 100% ▕█████████████████ ▏ 1.7 GB/1.7 GB   33 MB/s      0s[K[?25h[?2026l[?2026h[?25l[A[1Gpulling manifest [K
pulling 02a8b7e17487: 100% ▕█████████████████ ▏ 1.7 GB/1.7 GB   33 MB/s      0s[K[?25h[?2026l[?2026h[?25l[A[1Gpulling manifest [K
pulling 02a8b7e17487: 100% ▕█████████████████ ▏ 1.7 GB/1.7 GB   33 MB/s      0s[K[?25h[?2026l[?2026h[?25l[A[1Gpulling manifest [K
pulling 02a8b7e17487: 100% ▕█████████████████ ▏ 1.7 GB/1.7 GB   33 MB/s      0s[K[?25h[?2026l[?2026h[?25l[A[1Gpulling manifest [K
pulling 02a8b7e17487: 100% ▕█████████████████ ▏ 1.7 GB/1.7 GB   33 MB/s      0s[K[?25h[?2026l[?2026h[?25l[A[1Gpulling manifest [K
pulling 02a8b7e17487: 100% ▕█████████████████ ▏ 1.7 GB/1.7 GB   33 MB/s      0s[K[?25h[?2026l[?2026h[?25l[A[1Gpulling manifest [K
pulling 02a8b7e17487: 100% ▕█████████████████ ▏ 1.7 GB/1.7 GB   27 MB/s      0s[K[?25h[?2026l[?2026h[?25l[A[1Gpulling manifest [K
pulling 02a8b7e17487: 100% ▕█████████████████ ▏ 1.7 GB/1.7 GB   27 MB/s      0s[K[?25h[?2026l[?2026h[?25l[A[1Gpulling manifest [K
pulling 02a8b7e17487: 100% ▕█████████████████ ▏ 1.7 GB/1.7 GB   27 MB/s      0s[K[?25h[?2026l[?2026h[?25l[A[1Gpulling manifest [K
pulling 02a8b7e17487: 100% ▕█████████████████ ▏ 1.7 GB/1.7 GB   27 MB/s      0s[K[?25h[?2026l[?2026h[?25l[A[1Gpulling manifest [K
pulling 02a8b7e17487: 100% ▕█████████████████ ▏ 1.7 GB/1.7 GB   27 MB/s      0s[K[?25h[?2026l[?2026h[?25l[A[1Gpulling manifest [K
pulling 02a8b7e17487: 100% ▕█████████████████ ▏ 1.7 GB/1.7 GB   27 MB/s      0s[K[?25h[?2026l[?2026h[?25l[A[1Gpulling manifest [K
pulling 02a8b7e17487: 100% ▕█████████████████ ▏ 1.7 GB/1.7 GB   27 MB/s      0s[K[?25h[?2026l[?2026h[?25l[A[1Gpulling manifest [K
pulling 02a8b7e17487: 100% ▕█████████████████ ▏ 1.7 GB/1.7 GB   27 MB/s      0s[K[?25h[?2026l[?2026h[?25l[A[1Gpulling manifest [K
pulling 02a8b7e17487: 100% ▕█████████████████ ▏ 1.7 GB/1.7 GB   27 MB/s      0s[K[?25h[?2026l[?2026h[?25l[A[1Gpulling manifest [K
pulling 02a8b7e17487: 100% ▕█████████████████ ▏ 1.7 GB/1.7 GB   27 MB/s      0s[K[?25h[?2026l[?2026h[?25l[A[1Gpulling manifest [K
pulling 02a8b7e17487: 100% ▕█████████████████ ▏ 1.7 GB/1.7 GB   21 MB/s      0s[K[?25h[?2026l[?2026h[?25l[A[1Gpulling manifest [K
pulling 02a8b7e17487: 100% ▕█████████████████ ▏ 1.7 GB/1.7 GB   21 MB/s      0s[K[?25h[?2026l[?2026h[?25l[A[1Gpulling manifest [K
pulling 02a8b7e17487: 100% ▕█████████████████ ▏ 1.7 GB/1.7 GB   21 MB/s      0s[K[?25h[?2026l[?2026h[?25l[A[1Gpulling manifest [K
pulling 02a8b7e17487: 100% ▕█████████████████ ▏ 1.7 GB/1.7 GB   21 MB/s      0s[K[?25h[?2026l[?2026h[?25l[A[1Gpulling manifest [K
pulling 02a8b7e17487: 100% ▕█████████████████ ▏ 1.7 GB/1.7 GB   21 MB/s      0s[K[?25h[?2026l[?2026h[?25l[A[1Gpulling manifest [K
pulling 02a8b7e17487: 100% ▕█████████████████ ▏ 1.7 GB/1.7 GB   21 MB/s      0s[K[?25h[?2026l[?2026h[?25l[A[1Gpulling manifest [K
pulling 02a8b7e17487: 100% ▕█████████████████ ▏ 1.7 GB/1.7 GB   21 MB/s      0s[K[?25h[?2026l[?2026h[?25l[A[1Gpulling manifest [K
pulling 02a8b7e17487: 100% ▕█████████████████ ▏ 1.7 GB/1.7 GB   21 MB/s      0s[K[?25h[?2026l[?2026h[?25l[A[1Gpulling manifest [K
pulling 02a8b7e17487: 100% ▕█████████████████ ▏ 1.7 GB/1.7 GB   21 MB/s      0s[K[?25h[?2026l[?2026h[?25l[A[1Gpulling manifest [K
pulling 02a8b7e17487: 100% ▕█████████████████ ▏ 1.7 GB/1.7 GB   21 MB/s      0s[K[?25h[?2026l[?2026h[?25l[A[1Gpulling manifest [K
pulling 02a8b7e17487: 100% ▕█████████████████ ▏ 1.7 GB/1.7 GB   13 MB/s      0s[K[?25h[?2026l[?2026h[?25l[A[1Gpulling manifest [K
pulling 02a8b7e17487: 100% ▕█████████████████ ▏ 1.7 GB/1.7 GB   13 MB/s      0s[K[?25h[?2026l[?2026h[?25l[A[1Gpulling manifest [K
pulling 02a8b7e17487: 100% ▕█████████████████ ▏ 1.7 GB/1.7 GB   13 MB/s      0s[K[?25h[?2026l[?2026h[?25l[A[1Gpulling manifest [K
pulling 02a8b7e17487: 100% ▕█████████████████ ▏ 1.7 GB/1.7 GB   13 MB/s      0s[K[?25h[?2026l[?2026h[?25l[A[1Gpulling manifest [K
pulling 02a8b7e17487: 100% ▕█████████████████ ▏ 1.7 GB/1.7 GB   13 MB/s      0s[K[?25h[?2026l[?2026h[?25l[A[1Gpulling manifest [K
pulling 02a8b7e17487: 100% ▕█████████████████ ▏ 1.7 GB/1.7 GB   13 MB/s      0s[K[?25h[?2026l[?2026h[?25l[A[1Gpulling manifest [K
pulling 02a8b7e17487: 100% ▕█████████████████ ▏ 1.7 GB/1.7 GB   13 MB/s      0s[K[?25h[?2026l[?2026h[?25l[A[1Gpulling manifest [K
pulling 02a8b7e17487: 100% ▕█████████████████ ▏ 1.7 GB/1.7 GB   13 MB/s      0s[K[?25h[?2026l[?2026h[?25l[A[1Gpulling manifest [K
pulling 02a8b7e17487: 100% ▕█████████████████ ▏ 1.7 GB/1.7 GB   13 MB/s      0s[K[?25h[?2026l[?2026h[?25l[A[1Gpulling manifest [K
pulling 02a8b7e17487: 100% ▕█████████████████ ▏ 1.7 GB/1.7 GB   13 MB/s      0s[K[?25h[?2026l[?2026h[?25l[A[1Gpulling manifest [K
pulling 02a8b7e17487: 100% ▕█████████████████ ▏ 1.7 GB/1.7 GB   13 MB/s      0s[K[?25h[?2026l[?2026h[?25l[A[1Gpulling manifest [K
pulling 02a8b7e17487: 100% ▕█████████████████ ▏ 1.7 GB/1.7 GB   13 MB/s      0s[K[?25h[?2026l[?2026h[?25l[A[1Gpulling manifest [K
pulling 02a8b7e17487: 100% ▕█████████████████ ▏ 1.7 GB/1.7 GB   13 MB/s      0s[K[?25h[?2026l[?2026h[?25l[A[1Gpulling manifest [K
pulling 02a8b7e17487: 100% ▕█████████████████ ▏ 1.7 GB/1.7 GB   13 MB/s      0s[K[?25h[?2026l[?2026h[?25l[A[1Gpulling manifest [K
pulling 02a8b7e17487: 100% ▕█████████████████ ▏ 1.7 GB/1.7 GB   13 MB/s      0s[K[?25h[?2026l[?2026h[?25l[A[1Gpulling manifest [K
pulling 02a8b7e17487: 100% ▕█████████████████ ▏ 1.7 GB/1.7 GB   13 MB/s      0s[K[?25h[?2026l[?2026h[?25l[A[1Gpulling manifest [K
pulling 02a8b7e17487: 100% ▕█████████████████ ▏ 1.7 GB/1.7 GB   13 MB/s      0s[K
pulling d7ca051a8aac: 100% ▕██████████████████▏   75 B                         [K[?25h[?2026l[?2026h[?25l[A[A[1Gpulling manifest [K
pulling 02a8b7e17487: 100% ▕█████████████████ ▏ 1.7 GB/1.7 GB   13 MB/s      0s[K
pulling d7ca051a8aac: 100% ▕██████████████████▏   75 B                         [K[?25h[?2026l[?2026h[?25l[A[A[1Gpulling manifest [K
pulling 02a8b7e17487: 100% ▕█████████████████ ▏ 1.7 GB/1.7 GB   13 MB/s      0s[K
pulling d7ca051a8aac: 100% ▕██████████████████▏   75 B                         [K[?25h[?2026l[?2026h[?25l[A[A[1Gpulling manifest [K
pulling 02a8b7e17487: 100% ▕█████████████████ ▏ 1.7 GB/1.7 GB   13 MB/s      0s[K
pulling d7ca051a8aac: 100% ▕██████████████████▏   75 B                         [K[?25h[?2026l[?2026h[?25l[A[A[1Gpulling manifest [K
pulling 02a8b7e17487: 100% ▕█████████████████ ▏ 1.7 GB/1.7 GB   13 MB/s      0s[K
pulling d7ca051a8aac: 100% ▕██████████████████▏   75 B                         [K[?25h[?2026l[?2026h[?25l[A[A[1Gpulling manifest [K
pulling 02a8b7e17487: 100% ▕█████████████████ ▏ 1.7 GB/1.7 GB   13 MB/s      0s[K
pulling d7ca051a8aac: 100% ▕██████████████████▏   75 B                         [K
pulling 776643c0714f: 100% ▕██████████████████▏  695 B                         [K[?25h[?2026l[?2026h[?25l[A[A[A[1Gpulling manifest [K
pulling 02a8b7e17487: 100% ▕█████████████████ ▏ 1.7 GB/1.7 GB   13 MB/s      0s[K
pulling d7ca051a8aac: 100% ▕██████████████████▏   75 B                         [K
pulling 776643c0714f: 100% ▕██████████████████▏  695 B                         [K
verifying sha256 digest ⠋ [K[?25h[?2026l[?2026h[?25l[A[A[A[A[1Gpulling manifest [K
pulling 02a8b7e17487: 100% ▕█████████████████ ▏ 1.7 GB/1.7 GB   13 MB/s      0s[K
pulling d7ca051a8aac: 100% ▕██████████████████▏   75 B                         [K
pulling 776643c0714f: 100% ▕██████████████████▏  695 B                         [K
verifying sha256 digest ⠙ [K[?25h[?2026l[?2026h[?25l[A[A[A[A[1Gpulling manifest [K
pulling 02a8b7e17487: 100% ▕█████████████████ ▏ 1.7 GB/1.7 GB   13 MB/s      0s[K
pulling d7ca051a8aac: 100% ▕██████████████████▏   75 B                         [K
pulling 776643c0714f: 100% ▕██████████████████▏  695 B                         [K
verifying sha256 digest ⠹ [K[?25h[?2026l[?2026h[?25l[A[A[A[A[1Gpulling manifest [K
pulling 02a8b7e17487: 100% ▕█████████████████ ▏ 1.7 GB/1.7 GB   13 MB/s      0s[K
pulling d7ca051a8aac: 100% ▕██████████████████▏   75 B                         [K
pulling 776643c0714f: 100% ▕██████████████████▏  695 B                         [K
verifying sha256 digest ⠸ [K[?25h[?2026l[?2026h[?25l[A[A[A[A[1Gpulling manifest [K
pulling 02a8b7e17487: 100% ▕█████████████████ ▏ 1.7 GB/1.7 GB   13 MB/s      0s[K
pulling d7ca051a8aac: 100% ▕██████████████████▏   75 B                         [K
pulling 776643c0714f: 100% ▕██████████████████▏  695 B                         [K
verifying sha256 digest ⠼ [K[?25h[?2026l[?2026h[?25l[A[A[A[A[1Gpulling manifest [K
pulling 02a8b7e17487: 100% ▕█████████████████ ▏ 1.7 GB/1.7 GB   13 MB/s      0s[K
pulling d7ca051a8aac: 100% ▕██████████████████▏   75 B                         [K
pulling 776643c0714f: 100% ▕██████████████████▏  695 B                         [K
verifying sha256 digest ⠴ [K[?25h[?2026l[?2026h[?25l[A[A[A[A[1Gpulling manifest [K
pulling 02a8b7e17487: 100% ▕█████████████████ ▏ 1.7 GB/1.7 GB   13 MB/s      0s[K
pulling d7ca051a8aac: 100% ▕██████████████████▏   75 B                         [K
pulling 776643c0714f: 100% ▕██████████████████▏  695 B                         [K
verifying sha256 digest ⠦ [K[?25h[?2026l[?2026h[?25l[A[A[A[A[1Gpulling manifest [K
pulling 02a8b7e17487: 100% ▕█████████████████ ▏ 1.7 GB/1.7 GB   13 MB/s      0s[K
pulling d7ca051a8aac: 100% ▕██████████████████▏   75 B                         [K
pulling 776643c0714f: 100% ▕██████████████████▏  695 B                         [K
verifying sha256 digest ⠧ [K[?25h[?2026l[?2026h[?25l[A[A[A[A[1Gpulling manifest [K
pulling 02a8b7e17487: 100% ▕█████████████████ ▏ 1.7 GB/1.7 GB   13 MB/s      0s[K
pulling d7ca051a8aac: 100% ▕██████████████████▏   75 B                         [K
pulling 776643c0714f: 100% ▕██████████████████▏  695 B                         [K
verifying sha256 digest ⠇ [K[?25h[?2026l[?2026h[?25l[A[A[A[A[1Gpulling manifest [K
pulling 02a8b7e17487: 100% ▕█████████████████ ▏ 1.7 GB/1.7 GB   13 MB/s      0s[K
pulling d7ca051a8aac: 100% ▕██████████████████▏   75 B                         [K
pulling 776643c0714f: 100% ▕██████████████████▏  695 B                         [K
verifying sha256 digest ⠏ [K[?25h[?2026l[?2026h[?25l[A[A[A[A[1Gpulling manifest [K
pulling 02a8b7e17487: 100% ▕█████████████████ ▏ 1.7 GB/1.7 GB   13 MB/s      0s[K
pulling d7ca051a8aac: 100% ▕██████████████████▏   75 B                         [K
pulling 776643c0714f: 100% ▕██████████████████▏  695 B                         [K
verifying sha256 digest ⠋ [K[?25h[?2026l[?2026h[?25l[A[A[A[A[1Gpulling manifest [K
pulling 02a8b7e17487: 100% ▕█████████████████ ▏ 1.7 GB/1.7 GB   13 MB/s      0s[K
pulling d7ca051a8aac: 100% ▕██████████████████▏   75 B                         [K
pulling 776643c0714f: 100% ▕██████████████████▏  695 B                         [K
verifying sha256 digest [K
writing manifest [K
success [K[?25h[?2026l
