Traceback (most recent call last):
  File "/opt/hostedtoolcache/Python/3.13.15/x64/lib/python3.13/urllib/request.py", line 1318, in do_open
    h.request(req.get_method(), req.selector, req.data, headers,
    ~~~~~~~~~^^^^^^^^^^^^^^^^^^^^^^^^^^^^^^^^^^^^^^^^^^^^^^^^^^^
              encode_chunked=req.has_header('Transfer-encoding'))
              ^^^^^^^^^^^^^^^^^^^^^^^^^^^^^^^^^^^^^^^^^^^^^^^^^^^
  File "/opt/hostedtoolcache/Python/3.13.15/x64/lib/python3.13/http/client.py", line 1386, in request
    self._send_request(method, url, body, headers, encode_chunked)
    ~~~~~~~~~~~~~~~~~~^^^^^^^^^^^^^^^^^^^^^^^^^^^^^^^^^^^^^^^^^^^^
  File "/opt/hostedtoolcache/Python/3.13.15/x64/lib/python3.13/http/client.py", line 1432, in _send_request
    self.endheaders(body, encode_chunked=encode_chunked)
    ~~~~~~~~~~~~~~~^^^^^^^^^^^^^^^^^^^^^^^^^^^^^^^^^^^^^
  File "/opt/hostedtoolcache/Python/3.13.15/x64/lib/python3.13/http/client.py", line 1381, in endheaders
    self._send_output(message_body, encode_chunked=encode_chunked)
    ~~~~~~~~~~~~~~~~~^^^^^^^^^^^^^^^^^^^^^^^^^^^^^^^^^^^^^^^^^^^^^
  File "/opt/hostedtoolcache/Python/3.13.15/x64/lib/python3.13/http/client.py", line 1141, in _send_output
    self.send(msg)
    ~~~~~~~~~^^^^^
  File "/opt/hostedtoolcache/Python/3.13.15/x64/lib/python3.13/http/client.py", line 1085, in send
    self.connect()
    ~~~~~~~~~~~~^^
  File "/opt/hostedtoolcache/Python/3.13.15/x64/lib/python3.13/http/client.py", line 1051, in connect
    self.sock = self._create_connection(
                ~~~~~~~~~~~~~~~~~~~~~~~^
        (self.host,self.port), self.timeout, self.source_address)
        ^^^^^^^^^^^^^^^^^^^^^^^^^^^^^^^^^^^^^^^^^^^^^^^^^^^^^^^^^
  File "/opt/hostedtoolcache/Python/3.13.15/x64/lib/python3.13/socket.py", line 868, in create_connection
    raise exceptions[0]
  File "/opt/hostedtoolcache/Python/3.13.15/x64/lib/python3.13/socket.py", line 853, in create_connection
    sock.connect(sa)
    ~~~~~~~~~~~~^^^^
ConnectionRefusedError: [Errno 111] Connection refused

During handling of the above exception, another exception occurred:

Traceback (most recent call last):
  File "<stdin>", line 17, in <module>
  File "/opt/hostedtoolcache/Python/3.13.15/x64/lib/python3.13/urllib/request.py", line 189, in urlopen
    return opener.open(url, data, timeout)
           ~~~~~~~~~~~^^^^^^^^^^^^^^^^^^^^
  File "/opt/hostedtoolcache/Python/3.13.15/x64/lib/python3.13/urllib/request.py", line 489, in open
    response = self._open(req, data)
  File "/opt/hostedtoolcache/Python/3.13.15/x64/lib/python3.13/urllib/request.py", line 506, in _open
    result = self._call_chain(self.handle_open, protocol, protocol +
                              '_open', req)
  File "/opt/hostedtoolcache/Python/3.13.15/x64/lib/python3.13/urllib/request.py", line 466, in _call_chain
    result = func(*args)
  File "/opt/hostedtoolcache/Python/3.13.15/x64/lib/python3.13/urllib/request.py", line 1347, in http_open
    return self.do_open(http.client.HTTPConnection, req)
           ~~~~~~~~~~~~^^^^^^^^^^^^^^^^^^^^^^^^^^^^^^^^^
  File "/opt/hostedtoolcache/Python/3.13.15/x64/lib/python3.13/urllib/request.py", line 1321, in do_open
    raise URLError(err)
urllib.error.URLError: <urlopen error [Errno 111] Connection refused>
