pulling 02a8b7e17487:  85% ▕███████████████   ▏ 1.4 GB/1.7 GB  201 MB/s      1s[K[?25h[?2026l[?2026h[?25l[A[1Gpulling manifest [K
pulling 02a8b7e17487:  85% ▕███████████████   ▏ 1.4 GB/1.7 GB  201 MB/s      1s[K[?25h[?2026l[?2026h[?25l[A[1Gpulling manifest [K
pulling 02a8b7e17487:  85% ▕███████████████   ▏ 1.4 GB/1.7 GB  201 MB/s      1s[K[?25h[?2026l[?2026h[?25l[A[1Gpulling manifest [K
pulling 02a8b7e17487:  86% ▕███████████████   ▏ 1.4 GB/1.7 GB  201 MB/s      1s[K[?25h[?2026l[?2026h[?25l[A[1Gpulling manifest [K
pulling 02a8b7e17487:  86% ▕███████████████   ▏ 1.4 GB/1.7 GB  201 MB/s      1s[K[?25h[?2026l[?2026h[?25l[A[1Gpulling manifest [K
pulling 02a8b7e17487:  86% ▕███████████████   ▏ 1.4 GB/1.7 GB  201 MB/s      1s[K[?25h[?2026l[?2026h[?25l[A[1Gpulling manifest [K
pulling 02a8b7e17487:  86% ▕███████████████   ▏ 1.4 GB/1.7 GB  201 MB/s      1s[K[?25h[?2026l[?2026h[?25l[A[1Gpulling manifest [K
pulling 02a8b7e17487:  87% ▕███████████████   ▏ 1.4 GB/1.7 GB  201 MB/s      1s[K[?25h[?2026l[?2026h[?25l[A[1Gpulling manifest [K
pulling 02a8b7e17487:  87% ▕███████████████   ▏ 1.5 GB/1.7 GB  181 MB/s      1s[K[?25h[?2026l[?2026h[?25l[A[1Gpulling manifest [K
pulling 02a8b7e17487:  87% ▕███████████████   ▏ 1.5 GB/1.7 GB  181 MB/s      1s[K[?25h[?2026l[?2026h[?25l[A[1Gpulling manifest [K
pulling 02a8b7e17487:  87% ▕███████████████   ▏ 1.5 GB/1.7 GB  181 MB/s      1s[K[?25h[?2026l[?2026h[?25l[A[1Gpulling manifest [K
pulling 02a8b7e17487:  88% ▕███████████████   ▏ 1.5 GB/1.7 GB  181 MB/s      1s[K[?25h[?2026l[?2026h[?25l[A[1Gpulling manifest [K
pulling 02a8b7e17487:  88% ▕███████████████   ▏ 1.5 GB/1.7 GB  181 MB/s      1s[K[?25h[?2026l[?2026h[?25l[A[1Gpulling manifest [K
pulling 02a8b7e17487:  88% ▕███████████████   ▏ 1.5 GB/1.7 GB  181 MB/s      1s[K[?25h[?2026l[?2026h[?25l[A[1Gpulling manifest [K
pulling 02a8b7e17487:  89% ▕███████████████   ▏ 1.5 GB/1.7 GB  181 MB/s      1s[K[?25h[?2026l[?2026h[?25l[A[1Gpulling manifest [K
pulling 02a8b7e17487:  89% ▕███████████████   ▏ 1.5 GB/1.7 GB  181 MB/s      1s[K[?25h[?2026l[?2026h[?25l[A[1Gpulling manifest [K
pulling 02a8b7e17487:  89% ▕████████████████  ▏ 1.5 GB/1.7 GB  181 MB/s      1s[K[?25h[?2026l[?2026h[?25l[A[1Gpulling manifest [K
pulling 02a8b7e17487:  89% ▕████████████████  ▏ 1.5 GB/1.7 GB  181 MB/s      0s[K[?25h[?2026l[?2026h[?25l[A[1Gpulling manifest [K
pulling 02a8b7e17487:  90% ▕████████████████  ▏ 1.5 GB/1.7 GB  166 MB/s      1s[K[?25h[?2026l[?2026h[?25l[A[1Gpulling manifest [K
pulling 02a8b7e17487:  90% ▕████████████████  ▏ 1.5 GB/1.7 GB  166 MB/s      1s[K[?25h[?2026l[?2026h[?25l[A[1Gpulling manifest [K
pulling 02a8b7e17487:  90% ▕████████████████  ▏ 1.5 GB/1.7 GB  166 MB/s      1s[K[?25h[?2026l[?2026h[?25l[A[1Gpulling manifest [K
pulling 02a8b7e17487:  90% ▕████████████████  ▏ 1.5 GB/1.7 GB  166 MB/s      0s[K[?25h[?2026l[?2026h[?25l[A[1Gpulling manifest [K
pulling 02a8b7e17487:  90% ▕████████████████  ▏ 1.5 GB/1.7 GB  166 MB/s      0s[K[?25h[?2026l[?2026h[?25l[A[1Gpulling manifest [K
pulling 02a8b7e17487:  91% ▕████████████████  ▏ 1.5 GB/1.7 GB  166 MB/s      0s[K[?25h[?2026l[?2026h[?25l[A[1Gpulling manifest [K
pulling 02a8b7e17487:  91% ▕████████████████  ▏ 1.5 GB/1.7 GB  166 MB/s      0s[K[?25h[?2026l[?2026h[?25l[A[1Gpulling manifest [K
pulling 02a8b7e17487:  91% ▕████████████████  ▏ 1.5 GB/1.7 GB  166 MB/s      0s[K[?25h[?2026l[?2026h[?25l[A[1Gpulling manifest [K
pulling 02a8b7e17487:  91% ▕████████████████  ▏ 1.5 GB/1.7 GB  166 MB/s      0s[K[?25h[?2026l[?2026h[?25l[A[1Gpulling manifest [K
pulling 02a8b7e17487:  91% ▕████████████████  ▏ 1.5 GB/1.7 GB  166 MB/s      0s[K[?25h[?2026l[?2026h[?25l[A[1Gpulling manifest [K
pulling 02a8b7e17487:  92% ▕████████████████  ▏ 1.5 GB/1.7 GB  152 MB/s      0s[K[?25h[?2026l[?2026h[?25l[A[1Gpulling manifest [K
pulling 02a8b7e17487:  92% ▕████████████████  ▏ 1.5 GB/1.7 GB  152 MB/s      0s[K[?25h[?2026l[?2026h[?25l[A[1Gpulling manifest [K
pulling 02a8b7e17487:  92% ▕████████████████  ▏ 1.5 GB/1.7 GB  152 MB/s      0s[K[?25h[?2026l[?2026h[?25l[A[1Gpulling manifest [K
pulling 02a8b7e17487:  92% ▕████████████████  ▏ 1.5 GB/1.7 GB  152 MB/s      0s[K[?25h[?2026l[?2026h[?25l[A[1Gpulling manifest [K
pulling 02a8b7e17487:  92% ▕████████████████  ▏ 1.5 GB/1.7 GB  152 MB/s      0s[K[?25h[?2026l[?2026h[?25l[A[1Gpulling manifest [K
pulling 02a8b7e17487:  92% ▕████████████████  ▏ 1.5 GB/1.7 GB  152 MB/s      0s[K[?25h[?2026l[?2026h[?25l[A[1Gpulling manifest [K
pulling 02a8b7e17487:  93% ▕████████████████  ▏ 1.6 GB/1.7 GB  152 MB/s      0s[K[?25h[?2026l[?2026h[?25l[A[1Gpulling manifest [K
pulling 02a8b7e17487:  93% ▕████████████████  ▏ 1.6 GB/1.7 GB  152 MB/s      0s[K[?25h[?2026l[?2026h[?25l[A[1Gpulling manifest [K
pulling 02a8b7e17487:  93% ▕████████████████  ▏ 1.6 GB/1.7 GB  152 MB/s      0s[K[?25h[?2026l[?2026h[?25l[A[1Gpulling manifest [K
pulling 02a8b7e17487:  93% ▕████████████████  ▏ 1.6 GB/1.7 GB  152 MB/s      0s[K[?25h[?2026l[?2026h[?25l[A[1Gpulling manifest [K
pulling 02a8b7e17487:  93% ▕████████████████  ▏ 1.6 GB/1.7 GB  100 MB/s      1s[K[?25h[?2026l[?2026h[?25l[A[1Gpulling manifest [K
pulling 02a8b7e17487:  93% ▕████████████████  ▏ 1.6 GB/1.7 GB  100 MB/s      1s[K[?25h[?2026l[?2026h[?25l[A[1Gpulling manifest [K
pulling 02a8b7e17487:  93% ▕████████████████  ▏ 1.6 GB/1.7 GB  100 MB/s      1s[K[?25h[?2026l[?2026h[?25l[A[1Gpulling manifest [K
pulling 02a8b7e17487:  94% ▕████████████████  ▏ 1.6 GB/1.7 GB  100 MB/s      1s[K[?25h[?2026l[?2026h[?25l[A[1Gpulling manifest [K
pulling 02a8b7e17487:  94% ▕████████████████  ▏ 1.6 GB/1.7 GB  100 MB/s      1s[K[?25h[?2026l[?2026h[?25l[A[1Gpulling manifest [K
pulling 02a8b7e17487:  94% ▕████████████████  ▏ 1.6 GB/1.7 GB  100 MB/s      1s[K[?25h[?2026l[?2026h[?25l[A[1Gpulling manifest [K
pulling 02a8b7e17487:  94% ▕████████████████  ▏ 1.6 GB/1.7 GB  100 MB/s      0s[K[?25h[?2026l[?2026h[?25l[A[1Gpulling manifest [K
pulling 02a8b7e17487:  94% ▕████████████████  ▏ 1.6 GB/1.7 GB  100 MB/s      0s[K[?25h[?2026l[?2026h[?25l[A[1Gpulling manifest [K
pulling 02a8b7e17487:  94% ▕████████████████  ▏ 1.6 GB/1.7 GB  100 MB/s      0s[K[?25h[?2026l[?2026h[?25l[A[1Gpulling manifest [K
pulling 02a8b7e17487:  94% ▕█████████████████ ▏ 1.6 GB/1.7 GB  100 MB/s      0s[K[?25h[?2026l[?2026h[?25l[A[1Gpulling manifest [K
pulling 02a8b7e17487:  95% ▕█████████████████ ▏ 1.6 GB/1.7 GB   58 MB/s      1s[K[?25h[?2026l[?2026h[?25l[A[1Gpulling manifest [K
pulling 02a8b7e17487:  95% ▕█████████████████ ▏ 1.6 GB/1.7 GB   58 MB/s      1s[K[?25h[?2026l[?2026h[?25l[A[1Gpulling manifest [K
pulling 02a8b7e17487:  95% ▕█████████████████ ▏ 1.6 GB/1.7 GB   58 MB/s      1s[K[?25h[?2026l[?2026h[?25l[A[1Gpulling manifest [K
pulling 02a8b7e17487:  95% ▕█████████████████ ▏ 1.6 GB/1.7 GB   58 MB/s      1s[K[?25h[?2026l[?2026h[?25l[A[1Gpulling manifest [K
pulling 02a8b7e17487:  95% ▕█████████████████ ▏ 1.6 GB/1.7 GB   58 MB/s      1s[K[?25h[?2026l[?2026h[?25l[A[1Gpulling manifest [K
pulling 02a8b7e17487:  95% ▕█████████████████ ▏ 1.6 GB/1.7 GB   58 MB/s      1s[K[?25h[?2026l[?2026h[?25l[A[1Gpulling manifest [K
pulling 02a8b7e17487:  95% ▕█████████████████ ▏ 1.6 GB/1.7 GB   58 MB/s      1s[K[?25h[?2026l[?2026h[?25l[A[1Gpulling manifest [K
pulling 02a8b7e17487:  95% ▕█████████████████ ▏ 1.6 GB/1.7 GB   58 MB/s      1s[K[?25h[?2026l[?2026h[?25l[A[1Gpulling manifest [K
pulling 02a8b7e17487:  95% ▕█████████████████ ▏ 1.6 GB/1.7 GB   58 MB/s      1s[K[?25h[?2026l[?2026h[?25l[A[1Gpulling manifest [K
pulling 02a8b7e17487:  95% ▕█████████████████ ▏ 1.6 GB/1.7 GB   58 MB/s      1s[K[?25h[?2026l[?2026h[?25l[A[1Gpulling manifest [K
pulling 02a8b7e17487:  96% ▕█████████████████ ▏ 1.6 GB/1.7 GB   58 MB/s      1s[K[?25h[?2026l[?2026h[?25l[A[1Gpulling manifest [K
pulling 02a8b7e17487:  96% ▕█████████████████ ▏ 1.6 GB/1.7 GB   37 MB/s      1s[K[?25h[?2026l[?2026h[?25l[A[1Gpulling manifest [K
pulling 02a8b7e17487:  96% ▕█████████████████ ▏ 1.6 GB/1.7 GB   37 MB/s      1s[K[?25h[?2026l[?2026h[?25l[A[1Gpulling manifest [K
pulling 02a8b7e17487:  96% ▕█████████████████ ▏ 1.6 GB/1.7 GB   37 MB/s      1s[K[?25h[?2026l[?2026h[?25l[A[1Gpulling manifest [K
pulling 02a8b7e17487:  96% ▕█████████████████ ▏ 1.6 GB/1.7 GB   37 MB/s      1s[K[?25h[?2026l[?2026h[?25l[A[1Gpulling manifest [K
pulling 02a8b7e17487:  96% ▕█████████████████ ▏ 1.6 GB/1.7 GB   37 MB/s      1s[K[?25h[?2026l[?2026h[?25l[A[1Gpulling manifest [K
pulling 02a8b7e17487:  96% ▕█████████████████ ▏ 1.6 GB/1.7 GB   37 MB/s      1s[K[?25h[?2026l[?2026h[?25l[A[1Gpulling manifest [K
pulling 02a8b7e17487:  96% ▕█████████████████ ▏ 1.6 GB/1.7 GB   37 MB/s      1s[K[?25h[?2026l[?2026h[?25l[A[1Gpulling manifest [K
pulling 02a8b7e17487:  96% ▕█████████████████ ▏ 1.6 GB/1.7 GB   37 MB/s      1s[K[?25h[?2026l[?2026h[?25l[A[1Gpulling manifest [K
pulling 02a8b7e17487:  96% ▕█████████████████ ▏ 1.6 GB/1.7 GB   37 MB/s      1s[K[?25h[?2026l[?2026h[?25l[A[1Gpulling manifest [K
pulling 02a8b7e17487:  97% ▕█████████████████ ▏ 1.6 GB/1.7 GB   37 MB/s      1s[K[?25h[?2026l[?2026h[?25l[A[1Gpulling manifest [K
pulling 02a8b7e17487:  97% ▕█████████████████ ▏ 1.6 GB/1.7 GB   32 MB/s      1s[K[?25h[?2026l[?2026h[?25l[A[1Gpulling manifest [K
pulling 02a8b7e17487:  97% ▕█████████████████ ▏ 1.6 GB/1.7 GB   32 MB/s      1s[K[?25h[?2026l[?2026h[?25l[A[1Gpulling manifest [K
pulling 02a8b7e17487:  97% ▕█████████████████ ▏ 1.6 GB/1.7 GB   32 MB/s      1s[K[?25h[?2026l[?2026h[?25l[A[1Gpulling manifest [K
pulling 02a8b7e17487:  97% ▕█████████████████ ▏ 1.6 GB/1.7 GB   32 MB/s      1s[K[?25h[?2026l[?2026h[?25l[A[1Gpulling manifest [K
pulling 02a8b7e17487:  97% ▕█████████████████ ▏ 1.6 GB/1.7 GB   32 MB/s      1s[K[?25h[?2026l[?2026h[?25l[A[1Gpulling manifest [K
pulling 02a8b7e17487:  97% ▕█████████████████ ▏ 1.6 GB/1.7 GB   32 MB/s      1s[K[?25h[?2026l[?2026h[?25l[A[1Gpulling manifest [K
pulling 02a8b7e17487:  98% ▕█████████████████ ▏ 1.6 GB/1.7 GB   32 MB/s      1s[K[?25h[?2026l[?2026h[?25l[A[1Gpulling manifest [K
pulling 02a8b7e17487:  98% ▕█████████████████ ▏ 1.6 GB/1.7 GB   32 MB/s      1s[K[?25h[?2026l[?2026h[?25l[A[1Gpulling manifest [K
pulling 02a8b7e17487:  98% ▕█████████████████ ▏ 1.6 GB/1.7 GB   32 MB/s      1s[K[?25h[?2026l[?2026h[?25l[A[1Gpulling manifest [K
pulling 02a8b7e17487:  98% ▕█████████████████ ▏ 1.6 GB/1.7 GB   32 MB/s      1s[K[?25h[?2026l[?2026h[?25l[A[1Gpulling manifest [K
pulling 02a8b7e17487:  98% ▕█████████████████ ▏ 1.6 GB/1.7 GB   29 MB/s      1s[K[?25h[?2026l[?2026h[?25l[A[1Gpulling manifest [K
pulling 02a8b7e17487:  98% ▕█████████████████ ▏ 1.6 GB/1.7 GB   29 MB/s      1s[K[?25h[?2026l[?2026h[?25l[A[1Gpulling manifest [K
pulling 02a8b7e17487:  98% ▕█████████████████ ▏ 1.6 GB/1.7 GB   29 MB/s      1s[K[?25h[?2026l[?2026h[?25l[A[1Gpulling manifest [K
pulling 02a8b7e17487:  98% ▕█████████████████ ▏ 1.6 GB/1.7 GB   29 MB/s      0s[K[?25h[?2026l[?2026h[?25l[A[1Gpulling manifest [K
pulling 02a8b7e17487:  98% ▕█████████████████ ▏ 1.6 GB/1.7 GB   29 MB/s      0s[K[?25h[?2026l[?2026h[?25l[A[1Gpulling manifest [K
pulling 02a8b7e17487:  98% ▕█████████████████ ▏ 1.6 GB/1.7 GB   29 MB/s      0s[K[?25h[?2026l[?2026h[?25l[A[1Gpulling manifest [K
pulling 02a8b7e17487:  98% ▕█████████████████ ▏ 1.6 GB/1.7 GB   29 MB/s      0s[K[?25h[?2026l[?2026h[?25l[A[1Gpulling manifest [K
pulling 02a8b7e17487:  98% ▕█████████████████ ▏ 1.6 GB/1.7 GB   29 MB/s      0s[K[?25h[?2026l[?2026h[?25l[A[1Gpulling manifest [K
pulling 02a8b7e17487:  99% ▕█████████████████ ▏ 1.7 GB/1.7 GB   29 MB/s      0s[K[?25h[?2026l[?2026h[?25l[A[1Gpulling manifest [K
pulling 02a8b7e17487:  99% ▕█████████████████ ▏ 1.7 GB/1.7 GB   29 MB/s      0s[K[?25h[?2026l[?2026h[?25l[A[1Gpulling manifest [K
pulling 02a8b7e17487:  99% ▕█████████████████ ▏ 1.7 GB/1.7 GB   27 MB/s      0s[K[?25h[?2026l[?2026h[?25l[A[1Gpulling manifest [K
pulling 02a8b7e17487:  99% ▕█████████████████ ▏ 1.7 GB/1.7 GB   27 MB/s      0s[K[?25h[?2026l[?2026h[?25l[A[1Gpulling manifest [K
pulling 02a8b7e17487:  99% ▕█████████████████ ▏ 1.7 GB/1.7 GB   27 MB/s      0s[K[?25h[?2026l[?2026h[?25l[A[1Gpulling manifest [K
pulling 02a8b7e17487:  99% ▕█████████████████ ▏ 1.7 GB/1.7 GB   27 MB/s      0s[K[?25h[?2026l[?2026h[?25l[A[1Gpulling manifest [K
pulling 02a8b7e17487:  99% ▕█████████████████ ▏ 1.7 GB/1.7 GB   27 MB/s      0s[K[?25h[?2026l[?2026h[?25l[A[1Gpulling manifest [K
pulling 02a8b7e17487:  99% ▕█████████████████ ▏ 1.7 GB/1.7 GB   27 MB/s      0s[K[?25h[?2026l[?2026h[?25l[A[1Gpulling manifest [K
pulling 02a8b7e17487:  99% ▕█████████████████ ▏ 1.7 GB/1.7 GB   27 MB/s      0s[K[?25h[?2026l[?2026h[?25l[A[1Gpulling manifest [K
pulling 02a8b7e17487:  99% ▕█████████████████ ▏ 1.7 GB/1.7 GB   27 MB/s      0s[K[?25h[?2026l[?2026h[?25l[A[1Gpulling manifest [K
pulling 02a8b7e17487:  99% ▕█████████████████ ▏ 1.7 GB/1.7 GB   27 MB/s      0s[K[?25h[?2026l[?2026h[?25l[A[1Gpulling manifest [K
pulling 02a8b7e17487:  99% ▕█████████████████ ▏ 1.7 GB/1.7 GB   27 MB/s      0s[K[?25h[?2026l[?2026h[?25l[A[1Gpulling manifest [K
pulling 02a8b7e17487:  99% ▕█████████████████ ▏ 1.7 GB/1.7 GB   23 MB/s      0s[K[?25h[?2026l[?2026h[?25l[A[1Gpulling manifest [K
pulling 02a8b7e17487:  99% ▕█████████████████ ▏ 1.7 GB/1.7 GB   23 MB/s      0s[K[?25h[?2026l[?2026h[?25l[A[1Gpulling manifest [K
pulling 02a8b7e17487:  99% ▕█████████████████ ▏ 1.7 GB/1.7 GB   23 MB/s      0s[K[?25h[?2026l[?2026h[?25l[A[1Gpulling manifest [K
pulling 02a8b7e17487:  99% ▕█████████████████ ▏ 1.7 GB/1.7 GB   23 MB/s      0s[K[?25h[?2026l[?2026h[?25l[A[1Gpulling manifest [K
pulling 02a8b7e17487:  99% ▕█████████████████ ▏ 1.7 GB/1.7 GB   23 MB/s      0s[K[?25h[?2026l[?2026h[?25l[A[1Gpulling manifest [K
pulling 02a8b7e17487:  99% ▕█████████████████ ▏ 1.7 GB/1.7 GB   23 MB/s      0s[K[?25h[?2026l[?2026h[?25l[A[1Gpulling manifest [K
pulling 02a8b7e17487: 100% ▕█████████████████ ▏ 1.7 GB/1.7 GB   23 MB/s      0s[K[?25h[?2026l[?2026h[?25l[A[1Gpulling manifest [K
pulling 02a8b7e17487: 100% ▕█████████████████ ▏ 1.7 GB/1.7 GB   23 MB/s      0s[K[?25h[?2026l[?2026h[?25l[A[1Gpulling manifest [K
pulling 02a8b7e17487: 100% ▕█████████████████ ▏ 1.7 GB/1.7 GB   23 MB/s      0s[K[?25h[?2026l[?2026h[?25l[A[1Gpulling manifest [K
pulling 02a8b7e17487: 100% ▕█████████████████ ▏ 1.7 GB/1.7 GB   23 MB/s      0s[K[?25h[?2026l[?2026h[?25l[A[1Gpulling manifest [K
pulling 02a8b7e17487: 100% ▕█████████████████ ▏ 1.7 GB/1.7 GB   23 MB/s      0s[K[?25h[?2026l[?2026h[?25l[A[1Gpulling manifest [K
pulling 02a8b7e17487: 100% ▕█████████████████ ▏ 1.7 GB/1.7 GB   18 MB/s      0s[K[?25h[?2026l[?2026h[?25l[A[1Gpulling manifest [K
pulling 02a8b7e17487: 100% ▕█████████████████ ▏ 1.7 GB/1.7 GB   18 MB/s      0s[K[?25h[?2026l[?2026h[?25l[A[1Gpulling manifest [K
pulling 02a8b7e17487: 100% ▕█████████████████ ▏ 1.7 GB/1.7 GB   18 MB/s      0s[K[?25h[?2026l[?2026h[?25l[A[1Gpulling manifest [K
pulling 02a8b7e17487: 100% ▕█████████████████ ▏ 1.7 GB/1.7 GB   18 MB/s      0s[K[?25h[?2026l[?2026h[?25l[A[1Gpulling manifest [K
pulling 02a8b7e17487: 100% ▕█████████████████ ▏ 1.7 GB/1.7 GB   18 MB/s      0s[K[?25h[?2026l[?2026h[?25l[A[1Gpulling manifest [K
pulling 02a8b7e17487: 100% ▕█████████████████ ▏ 1.7 GB/1.7 GB   18 MB/s      0s[K[?25h[?2026l[?2026h[?25l[A[1Gpulling manifest [K
pulling 02a8b7e17487: 100% ▕█████████████████ ▏ 1.7 GB/1.7 GB   18 MB/s      0s[K[?25h[?2026l[?2026h[?25l[A[1Gpulling manifest [K
pulling 02a8b7e17487: 100% ▕█████████████████ ▏ 1.7 GB/1.7 GB   18 MB/s      0s[K[?25h[?2026l[?2026h[?25l[A[1Gpulling manifest [K
pulling 02a8b7e17487: 100% ▕█████████████████ ▏ 1.7 GB/1.7 GB   18 MB/s      0s[K[?25h[?2026l[?2026h[?25l[A[1Gpulling manifest [K
pulling 02a8b7e17487: 100% ▕█████████████████ ▏ 1.7 GB/1.7 GB   18 MB/s      0s[K[?25h[?2026l[?2026h[?25l[A[1Gpulling manifest [K
pulling 02a8b7e17487: 100% ▕█████████████████ ▏ 1.7 GB/1.7 GB   15 MB/s      0s[K[?25h[?2026l[?2026h[?25l[A[1Gpulling manifest [K
pulling 02a8b7e17487: 100% ▕█████████████████ ▏ 1.7 GB/1.7 GB   15 MB/s      0s[K[?25h[?2026l[?2026h[?25l[A[1Gpulling manifest [K
pulling 02a8b7e17487: 100% ▕█████████████████ ▏ 1.7 GB/1.7 GB   15 MB/s      0s[K[?25h[?2026l[?2026h[?25l[A[1Gpulling manifest [K
pulling 02a8b7e17487: 100% ▕█████████████████ ▏ 1.7 GB/1.7 GB   15 MB/s      0s[K[?25h[?2026l[?2026h[?25l[A[1Gpulling manifest [K
pulling 02a8b7e17487: 100% ▕█████████████████ ▏ 1.7 GB/1.7 GB   15 MB/s      0s[K[?25h[?2026l[?2026h[?25l[A[1Gpulling manifest [K
pulling 02a8b7e17487: 100% ▕█████████████████ ▏ 1.7 GB/1.7 GB   15 MB/s      0s[K[?25h[?2026l[?2026h[?25l[A[1Gpulling manifest [K
pulling 02a8b7e17487: 100% ▕█████████████████ ▏ 1.7 GB/1.7 GB   15 MB/s      0s[K[?25h[?2026l[?2026h[?25l[A[1Gpulling manifest [K
pulling 02a8b7e17487: 100% ▕█████████████████ ▏ 1.7 GB/1.7 GB   15 MB/s      0s[K[?25h[?2026l[?2026h[?25l[A[1Gpulling manifest [K
pulling 02a8b7e17487: 100% ▕█████████████████ ▏ 1.7 GB/1.7 GB   15 MB/s      0s[K[?25h[?2026l[?2026h[?25l[A[1Gpulling manifest [K
pulling 02a8b7e17487: 100% ▕█████████████████ ▏ 1.7 GB/1.7 GB   15 MB/s      0s[K[?25h[?2026l[?2026h[?25l[A[1Gpulling manifest [K
pulling 02a8b7e17487: 100% ▕█████████████████ ▏ 1.7 GB/1.7 GB   15 MB/s      0s[K[?25h[?2026l[?2026h[?25l[A[1Gpulling manifest [K
pulling 02a8b7e17487: 100% ▕█████████████████ ▏ 1.7 GB/1.7 GB   15 MB/s      0s[K[?25h[?2026l[?2026h[?25l[A[1Gpulling manifest [K
pulling 02a8b7e17487: 100% ▕█████████████████ ▏ 1.7 GB/1.7 GB   15 MB/s      0s[K[?25h[?2026l[?2026h[?25l[A[1Gpulling manifest [K
pulling 02a8b7e17487: 100% ▕█████████████████ ▏ 1.7 GB/1.7 GB   15 MB/s      0s[K[?25h[?2026l[?2026h[?25l[A[1Gpulling manifest [K
pulling 02a8b7e17487: 100% ▕█████████████████ ▏ 1.7 GB/1.7 GB   15 MB/s      0s[K[?25h[?2026l[?2026h[?25l[A[1Gpulling manifest [K
pulling 02a8b7e17487: 100% ▕█████████████████ ▏ 1.7 GB/1.7 GB   15 MB/s      0s[K[?25h[?2026l[?2026h[?25l[A[1Gpulling manifest [K
pulling 02a8b7e17487: 100% ▕█████████████████ ▏ 1.7 GB/1.7 GB   15 MB/s      0s[K[?25h[?2026l[?2026h[?25l[A[1Gpulling manifest [K
pulling 02a8b7e17487: 100% ▕█████████████████ ▏ 1.7 GB/1.7 GB   15 MB/s      0s[K[?25h[?2026l[?2026h[?25l[A[1Gpulling manifest [K
pulling 02a8b7e17487: 100% ▕█████████████████ ▏ 1.7 GB/1.7 GB   15 MB/s      0s[K[?25h[?2026l[?2026h[?25l[A[1Gpulling manifest [K
pulling 02a8b7e17487: 100% ▕█████████████████ ▏ 1.7 GB/1.7 GB   15 MB/s      0s[K[?25h[?2026l[?2026h[?25l[A[1Gpulling manifest [K
pulling 02a8b7e17487: 100% ▕█████████████████ ▏ 1.7 GB/1.7 GB   15 MB/s      0s[K[?25h[?2026l[?2026h[?25l[A[1Gpulling manifest [K
pulling 02a8b7e17487: 100% ▕█████████████████ ▏ 1.7 GB/1.7 GB   15 MB/s      0s[K[?25h[?2026l[?2026h[?25l[A[1Gpulling manifest [K
pulling 02a8b7e17487: 100% ▕█████████████████ ▏ 1.7 GB/1.7 GB   15 MB/s      0s[K[?25h[?2026l[?2026h[?25l[A[1Gpulling manifest [K
pulling 02a8b7e17487: 100% ▕█████████████████ ▏ 1.7 GB/1.7 GB   15 MB/s      0s[K[?25h[?2026l[?2026h[?25l[A[1Gpulling manifest [K
pulling 02a8b7e17487: 100% ▕█████████████████ ▏ 1.7 GB/1.7 GB   15 MB/s      0s[K[?25h[?2026l[?2026h[?25l[A[1Gpulling manifest [K
pulling 02a8b7e17487: 100% ▕█████████████████ ▏ 1.7 GB/1.7 GB   15 MB/s      0s[K[?25h[?2026l[?2026h[?25l[A[1Gpulling manifest [K
pulling 02a8b7e17487: 100% ▕█████████████████ ▏ 1.7 GB/1.7 GB   15 MB/s      0s[K[?25h[?2026l[?2026h[?25l[A[1Gpulling manifest [K
pulling 02a8b7e17487: 100% ▕█████████████████ ▏ 1.7 GB/1.7 GB   15 MB/s      0s[K[?25h[?2026l[?2026h[?25l[A[1Gpulling manifest [K
pulling 02a8b7e17487: 100% ▕█████████████████ ▏ 1.7 GB/1.7 GB   15 MB/s      0s[K[?25h[?2026l[?2026h[?25l[A[1Gpulling manifest [K
pulling 02a8b7e17487: 100% ▕█████████████████ ▏ 1.7 GB/1.7 GB   15 MB/s      0s[K[?25h[?2026l[?2026h[?25l[A[1Gpulling manifest [K
pulling 02a8b7e17487: 100% ▕█████████████████ ▏ 1.7 GB/1.7 GB   15 MB/s      0s[K[?25h[?2026l[?2026h[?25l[A[1Gpulling manifest [K
pulling 02a8b7e17487: 100% ▕█████████████████ ▏ 1.7 GB/1.7 GB   15 MB/s      0s[K[?25h[?2026l[?2026h[?25l[A[1Gpulling manifest [K
pulling 02a8b7e17487: 100% ▕█████████████████ ▏ 1.7 GB/1.7 GB   15 MB/s      0s[K[?25h[?2026l[?2026h[?25l[A[1Gpulling manifest [K
pulling 02a8b7e17487: 100% ▕█████████████████ ▏ 1.7 GB/1.7 GB   15 MB/s      0s[K[?25h[?2026l[?2026h[?25l[A[1Gpulling manifest [K
pulling 02a8b7e17487: 100% ▕█████████████████ ▏ 1.7 GB/1.7 GB   15 MB/s      0s[K
verifying sha256 digest ⠋ [K[?25h[?2026l[?2026h[?25l[A[A[1Gpulling manifest [K
pulling 02a8b7e17487: 100% ▕█████████████████ ▏ 1.7 GB/1.7 GB   15 MB/s      0s[K
verifying sha256 digest ⠙ [K[?25h[?2026l[?2026h[?25l[A[A[1Gpulling manifest [K
pulling 02a8b7e17487: 100% ▕█████████████████ ▏ 1.7 GB/1.7 GB   15 MB/s      0s[K
verifying sha256 digest ⠹ [K[?25h[?2026l[?2026h[?25l[A[A[1Gpulling manifest [K
pulling 02a8b7e17487: 100% ▕█████████████████ ▏ 1.7 GB/1.7 GB   15 MB/s      0s[K
verifying sha256 digest ⠸ [K[?25h[?2026l[?2026h[?25l[A[A[1Gpulling manifest [K
pulling 02a8b7e17487: 100% ▕█████████████████ ▏ 1.7 GB/1.7 GB   15 MB/s      0s[K
verifying sha256 digest ⠼ [K[?25h[?2026l[?2026h[?25l[A[A[1Gpulling manifest [K
pulling 02a8b7e17487: 100% ▕█████████████████ ▏ 1.7 GB/1.7 GB   15 MB/s      0s[K
verifying sha256 digest ⠴ [K[?25h[?2026l[?2026h[?25l[A[A[1Gpulling manifest [K
pulling 02a8b7e17487: 100% ▕█████████████████ ▏ 1.7 GB/1.7 GB   15 MB/s      0s[K
verifying sha256 digest ⠦ [K[?25h[?2026l[?2026h[?25l[A[A[1Gpulling manifest [K
pulling 02a8b7e17487: 100% ▕█████████████████ ▏ 1.7 GB/1.7 GB   15 MB/s      0s[K
verifying sha256 digest ⠧ [K[?25h[?2026l[?2026h[?25l[A[A[1Gpulling manifest [K
pulling 02a8b7e17487: 100% ▕█████████████████ ▏ 1.7 GB/1.7 GB   15 MB/s      0s[K
verifying sha256 digest ⠇ [K[?25h[?2026l[?2026h[?25l[A[A[1Gpulling manifest [K
pulling 02a8b7e17487: 100% ▕█████████████████ ▏ 1.7 GB/1.7 GB   15 MB/s      0s[K
verifying sha256 digest ⠏ [K[?25h[?2026l[?2026h[?25l[A[A[1Gpulling manifest [K
pulling 02a8b7e17487: 100% ▕█████████████████ ▏ 1.7 GB/1.7 GB   15 MB/s      0s[K
verifying sha256 digest ⠋ [K[?25h[?2026l[?2026h[?25l[A[A[1Gpulling manifest [K
pulling 02a8b7e17487: 100% ▕█████████████████ ▏ 1.7 GB/1.7 GB   15 MB/s      0s[K
verifying sha256 digest [K
writing manifest [K
success [K[?25h[?2026l
