pulling 85e4a5b7b8ef:  62% ▕███████████       ▏ 1.6 GB/2.5 GB  817 MB/s      1s[K[?25h[?2026l[?2026h[?25l[A[1Gpulling manifest [K
pulling 85e4a5b7b8ef:  66% ▕███████████       ▏ 1.7 GB/2.5 GB  784 MB/s      1s[K[?25h[?2026l[?2026h[?25l[A[1Gpulling manifest [K
pulling 85e4a5b7b8ef:  70% ▕████████████      ▏ 1.8 GB/2.5 GB  784 MB/s      0s[K[?25h[?2026l[?2026h[?25l[A[1Gpulling manifest [K
pulling 85e4a5b7b8ef:  72% ▕████████████      ▏ 1.8 GB/2.5 GB  784 MB/s      0s[K[?25h[?2026l[?2026h[?25l[A[1Gpulling manifest [K
pulling 85e4a5b7b8ef:  76% ▕█████████████     ▏ 1.9 GB/2.5 GB  784 MB/s      0s[K[?25h[?2026l[?2026h[?25l[A[1Gpulling manifest [K
pulling 85e4a5b7b8ef:  78% ▕██████████████    ▏ 2.0 GB/2.5 GB  784 MB/s      0s[K[?25h[?2026l[?2026h[?25l[A[1Gpulling manifest [K
pulling 85e4a5b7b8ef:  80% ▕██████████████    ▏ 2.0 GB/2.5 GB  784 MB/s      0s[K[?25h[?2026l[?2026h[?25l[A[1Gpulling manifest [K
pulling 85e4a5b7b8ef:  83% ▕██████████████    ▏ 2.1 GB/2.5 GB  784 MB/s      0s[K[?25h[?2026l[?2026h[?25l[A[1Gpulling manifest [K
pulling 85e4a5b7b8ef:  86% ▕███████████████   ▏ 2.1 GB/2.5 GB  784 MB/s      0s[K[?25h[?2026l[?2026h[?25l[A[1Gpulling manifest [K
pulling 85e4a5b7b8ef:  87% ▕███████████████   ▏ 2.2 GB/2.5 GB  784 MB/s      0s[K[?25h[?2026l[?2026h[?25l[A[1Gpulling manifest [K
pulling 85e4a5b7b8ef:  90% ▕████████████████  ▏ 2.2 GB/2.5 GB  784 MB/s      0s[K[?25h[?2026l[?2026h[?25l[A[1Gpulling manifest [K
pulling 85e4a5b7b8ef:  91% ▕████████████████  ▏ 2.3 GB/2.5 GB  741 MB/s      0s[K[?25h[?2026l[?2026h[?25l[A[1Gpulling manifest [K
pulling 85e4a5b7b8ef:  92% ▕████████████████  ▏ 2.3 GB/2.5 GB  741 MB/s      0s[K[?25h[?2026l[?2026h[?25l[A[1Gpulling manifest [K
pulling 85e4a5b7b8ef:  93% ▕████████████████  ▏ 2.3 GB/2.5 GB  741 MB/s      0s[K[?25h[?2026l[?2026h[?25l[A[1Gpulling manifest [K
pulling 85e4a5b7b8ef:  95% ▕█████████████████ ▏ 2.4 GB/2.5 GB  741 MB/s      0s[K[?25h[?2026l[?2026h[?25l[A[1Gpulling manifest [K
pulling 85e4a5b7b8ef:  95% ▕█████████████████ ▏ 2.4 GB/2.5 GB  741 MB/s      0s[K[?25h[?2026l[?2026h[?25l[A[1Gpulling manifest [K
pulling 85e4a5b7b8ef:  96% ▕█████████████████ ▏ 2.4 GB/2.5 GB  741 MB/s      0s[K[?25h[?2026l[?2026h[?25l[A[1Gpulling manifest [K
pulling 85e4a5b7b8ef:  97% ▕█████████████████ ▏ 2.4 GB/2.5 GB  741 MB/s      0s[K[?25h[?2026l[?2026h[?25l[A[1Gpulling manifest [K
pulling 85e4a5b7b8ef:  97% ▕█████████████████ ▏ 2.4 GB/2.5 GB  741 MB/s      0s[K[?25h[?2026l[?2026h[?25l[A[1Gpulling manifest [K
pulling 85e4a5b7b8ef:  97% ▕█████████████████ ▏ 2.4 GB/2.5 GB  741 MB/s      0s[K[?25h[?2026l[?2026h[?25l[A[1Gpulling manifest [K
pulling 85e4a5b7b8ef:  98% ▕█████████████████ ▏ 2.4 GB/2.5 GB  741 MB/s      0s[K[?25h[?2026l[?2026h[?25l[A[1Gpulling manifest [K
pulling 85e4a5b7b8ef:  98% ▕█████████████████ ▏ 2.5 GB/2.5 GB  606 MB/s      0s[K[?25h[?2026l[?2026h[?25l[A[1Gpulling manifest [K
pulling 85e4a5b7b8ef:  99% ▕█████████████████ ▏ 2.5 GB/2.5 GB  606 MB/s      0s[K[?25h[?2026l[?2026h[?25l[A[1Gpulling manifest [K
pulling 85e4a5b7b8ef:  99% ▕█████████████████ ▏ 2.5 GB/2.5 GB  606 MB/s      0s[K[?25h[?2026l[?2026h[?25l[A[1Gpulling manifest [K
pulling 85e4a5b7b8ef:  99% ▕█████████████████ ▏ 2.5 GB/2.5 GB  606 MB/s      0s[K[?25h[?2026l[?2026h[?25l[A[1Gpulling manifest [K
pulling 85e4a5b7b8ef:  99% ▕█████████████████ ▏ 2.5 GB/2.5 GB  606 MB/s      0s[K[?25h[?2026l[?2026h[?25l[A[1Gpulling manifest [K
pulling 85e4a5b7b8ef:  99% ▕█████████████████ ▏ 2.5 GB/2.5 GB  606 MB/s      0s[K[?25h[?2026l[?2026h[?25l[A[1Gpulling manifest [K
pulling 85e4a5b7b8ef:  99% ▕█████████████████ ▏ 2.5 GB/2.5 GB  606 MB/s      0s[K[?25h[?2026l[?2026h[?25l[A[1Gpulling manifest [K
pulling 85e4a5b7b8ef:  99% ▕█████████████████ ▏ 2.5 GB/2.5 GB  606 MB/s      0s[K[?25h[?2026l[?2026h[?25l[A[1Gpulling manifest [K
pulling 85e4a5b7b8ef: 100% ▕█████████████████ ▏ 2.5 GB/2.5 GB  606 MB/s      0s[K[?25h[?2026l[?2026h[?25l[A[1Gpulling manifest [K
pulling 85e4a5b7b8ef: 100% ▕█████████████████ ▏ 2.5 GB/2.5 GB  606 MB/s      0s[K[?25h[?2026l[?2026h[?25l[A[1Gpulling manifest [K
pulling 85e4a5b7b8ef: 100% ▕█████████████████ ▏ 2.5 GB/2.5 GB  492 MB/s      0s[K[?25h[?2026l[?2026h[?25l[A[1Gpulling manifest [K
pulling 85e4a5b7b8ef: 100% ▕██████████████████▏ 2.5 GB                         [K[?25h[?2026l[?2026h[?25l[A[1Gpulling manifest [K
pulling 85e4a5b7b8ef: 100% ▕██████████████████▏ 2.5 GB                         [K[?25h[?2026l[?2026h[?25l[A[1Gpulling manifest [K
pulling 85e4a5b7b8ef: 100% ▕██████████████████▏ 2.5 GB                         [K[?25h[?2026l[?2026h[?25l[A[1Gpulling manifest [K
pulling 85e4a5b7b8ef: 100% ▕██████████████████▏ 2.5 GB                         [K[?25h[?2026l[?2026h[?25l[A[1Gpulling manifest [K
pulling 85e4a5b7b8ef: 100% ▕██████████████████▏ 2.5 GB                         [K[?25h[?2026l[?2026h[?25l[A[1Gpulling manifest [K
pulling 85e4a5b7b8ef: 100% ▕██████████████████▏ 2.5 GB                         [K[?25h[?2026l[?2026h[?25l[A[1Gpulling manifest [K
pulling 85e4a5b7b8ef: 100% ▕██████████████████▏ 2.5 GB                         [K
pulling eade0a07cac7: 100% ▕██████████████████▏ 1.4 KB                         [K[?25h[?2026l[?2026h[?25l[A[A[1Gpulling manifest [K
pulling 85e4a5b7b8ef: 100% ▕██████████████████▏ 2.5 GB                         [K
pulling eade0a07cac7: 100% ▕██████████████████▏ 1.4 KB                         [K[?25h[?2026l[?2026h[?25l[A[A[1Gpulling manifest [K
pulling 85e4a5b7b8ef: 100% ▕██████████████████▏ 2.5 GB                         [K
pulling eade0a07cac7: 100% ▕██████████████████▏ 1.4 KB                         [K[?25h[?2026l[?2026h[?25l[A[A[1Gpulling manifest [K
pulling 85e4a5b7b8ef: 100% ▕██████████████████▏ 2.5 GB                         [K
pulling eade0a07cac7: 100% ▕██████████████████▏ 1.4 KB                         [K[?25h[?2026l[?2026h[?25l[A[A[1Gpulling manifest [K
pulling 85e4a5b7b8ef: 100% ▕██████████████████▏ 2.5 GB                         [K
pulling eade0a07cac7: 100% ▕██████████████████▏ 1.4 KB                         [K[?25h[?2026l[?2026h[?25l[A[A[1Gpulling manifest [K
pulling 85e4a5b7b8ef: 100% ▕██████████████████▏ 2.5 GB                         [K
pulling eade0a07cac7: 100% ▕██████████████████▏ 1.4 KB                         [K
pulling d18a5cc71b84: 100% ▕██████████████████▏  11 KB                         [K[?25h[?2026l[?2026h[?25l[A[A[A[1Gpulling manifest [K
pulling 85e4a5b7b8ef: 100% ▕██████████████████▏ 2.5 GB                         [K
pulling eade0a07cac7: 100% ▕██████████████████▏ 1.4 KB                         [K
pulling d18a5cc71b84: 100% ▕██████████████████▏  11 KB                         [K[?25h[?2026l[?2026h[?25l[A[A[A[1Gpulling manifest [K
pulling 85e4a5b7b8ef: 100% ▕██████████████████▏ 2.5 GB                         [K
pulling eade0a07cac7: 100% ▕██████████████████▏ 1.4 KB                         [K
pulling d18a5cc71b84: 100% ▕██████████████████▏  11 KB                         [K[?25h[?2026l[?2026h[?25l[A[A[A[1Gpulling manifest [K
pulling 85e4a5b7b8ef: 100% ▕██████████████████▏ 2.5 GB                         [K
pulling eade0a07cac7: 100% ▕██████████████████▏ 1.4 KB                         [K
pulling d18a5cc71b84: 100% ▕██████████████████▏  11 KB                         [K[?25h[?2026l[?2026h[?25l[A[A[A[1Gpulling manifest [K
pulling 85e4a5b7b8ef: 100% ▕██████████████████▏ 2.5 GB                         [K
pulling eade0a07cac7: 100% ▕██████████████████▏ 1.4 KB                         [K
pulling d18a5cc71b84: 100% ▕██████████████████▏  11 KB                         [K
pulling 0914c7781e00: 100% ▕██████████████████▏  119 B                         [K[?25h[?2026l[?2026h[?25l[A[A[A[A[1Gpulling manifest [K
pulling 85e4a5b7b8ef: 100% ▕██████████████████▏ 2.5 GB                         [K
pulling eade0a07cac7: 100% ▕██████████████████▏ 1.4 KB                         [K
pulling d18a5cc71b84: 100% ▕██████████████████▏  11 KB                         [K
pulling 0914c7781e00: 100% ▕██████████████████▏  119 B                         [K[?25h[?2026l[?2026h[?25l[A[A[A[A[1Gpulling manifest [K
pulling 85e4a5b7b8ef: 100% ▕██████████████████▏ 2.5 GB                         [K
pulling eade0a07cac7: 100% ▕██████████████████▏ 1.4 KB                         [K
pulling d18a5cc71b84: 100% ▕██████████████████▏  11 KB                         [K
pulling 0914c7781e00: 100% ▕██████████████████▏  119 B                         [K[?25h[?2026l[?2026h[?25l[A[A[A[A[1Gpulling manifest [K
pulling 85e4a5b7b8ef: 100% ▕██████████████████▏ 2.5 GB                         [K
pulling eade0a07cac7: 100% ▕██████████████████▏ 1.4 KB                         [K
pulling d18a5cc71b84: 100% ▕██████████████████▏  11 KB                         [K
pulling 0914c7781e00: 100% ▕██████████████████▏  119 B                         [K[?25h[?2026l[?2026h[?25l[A[A[A[A[1Gpulling manifest [K
pulling 85e4a5b7b8ef: 100% ▕██████████████████▏ 2.5 GB                         [K
pulling eade0a07cac7: 100% ▕██████████████████▏ 1.4 KB                         [K
pulling d18a5cc71b84: 100% ▕██████████████████▏  11 KB                         [K
pulling 0914c7781e00: 100% ▕██████████████████▏  119 B                         [K
pulling b72accf9724e: 100% ▕██████████████████▏  487 B                         [K
verifying sha256 digest ⠋ [K[?25h[?2026l[?2026h[?25l[A[A[A[A[A[A[1Gpulling manifest [K
pulling 85e4a5b7b8ef: 100% ▕██████████████████▏ 2.5 GB                         [K
pulling eade0a07cac7: 100% ▕██████████████████▏ 1.4 KB                         [K
pulling d18a5cc71b84: 100% ▕██████████████████▏  11 KB                         [K
pulling 0914c7781e00: 100% ▕██████████████████▏  119 B                         [K
pulling b72accf9724e: 100% ▕██████████████████▏  487 B                         [K
verifying sha256 digest ⠙ [K[?25h[?2026l[?2026h[?25l[A[A[A[A[A[A[1Gpulling manifest [K
pulling 85e4a5b7b8ef: 100% ▕██████████████████▏ 2.5 GB                         [K
pulling eade0a07cac7: 100% ▕██████████████████▏ 1.4 KB                         [K
pulling d18a5cc71b84: 100% ▕██████████████████▏  11 KB                         [K
pulling 0914c7781e00: 100% ▕██████████████████▏  119 B                         [K
pulling b72accf9724e: 100% ▕██████████████████▏  487 B                         [K
verifying sha256 digest ⠹ [K[?25h[?2026l[?2026h[?25l[A[A[A[A[A[A[1Gpulling manifest [K
pulling 85e4a5b7b8ef: 100% ▕██████████████████▏ 2.5 GB                         [K
pulling eade0a07cac7: 100% ▕██████████████████▏ 1.4 KB                         [K
pulling d18a5cc71b84: 100% ▕██████████████████▏  11 KB                         [K
pulling 0914c7781e00: 100% ▕██████████████████▏  119 B                         [K
pulling b72accf9724e: 100% ▕██████████████████▏  487 B                         [K
verifying sha256 digest ⠸ [K[?25h[?2026l[?2026h[?25l[A[A[A[A[A[A[1Gpulling manifest [K
pulling 85e4a5b7b8ef: 100% ▕██████████████████▏ 2.5 GB                         [K
pulling eade0a07cac7: 100% ▕██████████████████▏ 1.4 KB                         [K
pulling d18a5cc71b84: 100% ▕██████████████████▏  11 KB                         [K
pulling 0914c7781e00: 100% ▕██████████████████▏  119 B                         [K
pulling b72accf9724e: 100% ▕██████████████████▏  487 B                         [K
verifying sha256 digest ⠼ [K[?25h[?2026l[?2026h[?25l[A[A[A[A[A[A[1Gpulling manifest [K
pulling 85e4a5b7b8ef: 100% ▕██████████████████▏ 2.5 GB                         [K
pulling eade0a07cac7: 100% ▕██████████████████▏ 1.4 KB                         [K
pulling d18a5cc71b84: 100% ▕██████████████████▏  11 KB                         [K
pulling 0914c7781e00: 100% ▕██████████████████▏  119 B                         [K
pulling b72accf9724e: 100% ▕██████████████████▏  487 B                         [K
verifying sha256 digest ⠴ [K[?25h[?2026l[?2026h[?25l[A[A[A[A[A[A[1Gpulling manifest [K
pulling 85e4a5b7b8ef: 100% ▕██████████████████▏ 2.5 GB                         [K
pulling eade0a07cac7: 100% ▕██████████████████▏ 1.4 KB                         [K
pulling d18a5cc71b84: 100% ▕██████████████████▏  11 KB                         [K
pulling 0914c7781e00: 100% ▕██████████████████▏  119 B                         [K
pulling b72accf9724e: 100% ▕██████████████████▏  487 B                         [K
verifying sha256 digest ⠦ [K[?25h[?2026l[?2026h[?25l[A[A[A[A[A[A[1Gpulling manifest [K
pulling 85e4a5b7b8ef: 100% ▕██████████████████▏ 2.5 GB                         [K
pulling eade0a07cac7: 100% ▕██████████████████▏ 1.4 KB                         [K
pulling d18a5cc71b84: 100% ▕██████████████████▏  11 KB                         [K
pulling 0914c7781e00: 100% ▕██████████████████▏  119 B                         [K
pulling b72accf9724e: 100% ▕██████████████████▏  487 B                         [K
verifying sha256 digest ⠧ [K[?25h[?2026l[?2026h[?25l[A[A[A[A[A[A[1Gpulling manifest [K
pulling 85e4a5b7b8ef: 100% ▕██████████████████▏ 2.5 GB                         [K
pulling eade0a07cac7: 100% ▕██████████████████▏ 1.4 KB                         [K
pulling d18a5cc71b84: 100% ▕██████████████████▏  11 KB                         [K
pulling 0914c7781e00: 100% ▕██████████████████▏  119 B                         [K
pulling b72accf9724e: 100% ▕██████████████████▏  487 B                         [K
verifying sha256 digest ⠇ [K[?25h[?2026l[?2026h[?25l[A[A[A[A[A[A[1Gpulling manifest [K
pulling 85e4a5b7b8ef: 100% ▕██████████████████▏ 2.5 GB                         [K
pulling eade0a07cac7: 100% ▕██████████████████▏ 1.4 KB                         [K
pulling d18a5cc71b84: 100% ▕██████████████████▏  11 KB                         [K
pulling 0914c7781e00: 100% ▕██████████████████▏  119 B                         [K
pulling b72accf9724e: 100% ▕██████████████████▏  487 B                         [K
verifying sha256 digest ⠏ [K[?25h[?2026l[?2026h[?25l[A[A[A[A[A[A[1Gpulling manifest [K
pulling 85e4a5b7b8ef: 100% ▕██████████████████▏ 2.5 GB                         [K
pulling eade0a07cac7: 100% ▕██████████████████▏ 1.4 KB                         [K
pulling d18a5cc71b84: 100% ▕██████████████████▏  11 KB                         [K
pulling 0914c7781e00: 100% ▕██████████████████▏  119 B                         [K
pulling b72accf9724e: 100% ▕██████████████████▏  487 B                         [K
verifying sha256 digest ⠋ [K[?25h[?2026l[?2026h[?25l[A[A[A[A[A[A[1Gpulling manifest [K
pulling 85e4a5b7b8ef: 100% ▕██████████████████▏ 2.5 GB                         [K
pulling eade0a07cac7: 100% ▕██████████████████▏ 1.4 KB                         [K
pulling d18a5cc71b84: 100% ▕██████████████████▏  11 KB                         [K
pulling 0914c7781e00: 100% ▕██████████████████▏  119 B                         [K
pulling b72accf9724e: 100% ▕██████████████████▏  487 B                         [K
verifying sha256 digest ⠙ [K[?25h[?2026l[?2026h[?25l[A[A[A[A[A[A[1Gpulling manifest [K
pulling 85e4a5b7b8ef: 100% ▕██████████████████▏ 2.5 GB                         [K
pulling eade0a07cac7: 100% ▕██████████████████▏ 1.4 KB                         [K
pulling d18a5cc71b84: 100% ▕██████████████████▏  11 KB                         [K
pulling 0914c7781e00: 100% ▕██████████████████▏  119 B                         [K
pulling b72accf9724e: 100% ▕██████████████████▏  487 B                         [K
verifying sha256 digest ⠹ [K[?25h[?2026l[?2026h[?25l[A[A[A[A[A[A[1Gpulling manifest [K
pulling 85e4a5b7b8ef: 100% ▕██████████████████▏ 2.5 GB                         [K
pulling eade0a07cac7: 100% ▕██████████████████▏ 1.4 KB                         [K
pulling d18a5cc71b84: 100% ▕██████████████████▏  11 KB                         [K
pulling 0914c7781e00: 100% ▕██████████████████▏  119 B                         [K
pulling b72accf9724e: 100% ▕██████████████████▏  487 B                         [K
verifying sha256 digest ⠸ [K[?25h[?2026l[?2026h[?25l[A[A[A[A[A[A[1Gpulling manifest [K
pulling 85e4a5b7b8ef: 100% ▕██████████████████▏ 2.5 GB                         [K
pulling eade0a07cac7: 100% ▕██████████████████▏ 1.4 KB                         [K
pulling d18a5cc71b84: 100% ▕██████████████████▏  11 KB                         [K
pulling 0914c7781e00: 100% ▕██████████████████▏  119 B                         [K
pulling b72accf9724e: 100% ▕██████████████████▏  487 B                         [K
verifying sha256 digest ⠼ [K[?25h[?2026l[?2026h[?25l[A[A[A[A[A[A[1Gpulling manifest [K
pulling 85e4a5b7b8ef: 100% ▕██████████████████▏ 2.5 GB                         [K
pulling eade0a07cac7: 100% ▕██████████████████▏ 1.4 KB                         [K
pulling d18a5cc71b84: 100% ▕██████████████████▏  11 KB                         [K
pulling 0914c7781e00: 100% ▕██████████████████▏  119 B                         [K
pulling b72accf9724e: 100% ▕██████████████████▏  487 B                         [K
verifying sha256 digest ⠴ [K[?25h[?2026l[?2026h[?25l[A[A[A[A[A[A[1Gpulling manifest [K
pulling 85e4a5b7b8ef: 100% ▕██████████████████▏ 2.5 GB                         [K
pulling eade0a07cac7: 100% ▕██████████████████▏ 1.4 KB                         [K
pulling d18a5cc71b84: 100% ▕██████████████████▏  11 KB                         [K
pulling 0914c7781e00: 100% ▕██████████████████▏  119 B                         [K
pulling b72accf9724e: 100% ▕██████████████████▏  487 B                         [K
verifying sha256 digest [K
writing manifest [K
success [K[?25h[?2026l
