pulling 02a8b7e17487:  96% ▕█████████████████ ▏ 1.6 GB/1.7 GB   48 MB/s      1s[K[?25h[?2026l[?2026h[?25l[A[1Gpulling manifest [K
pulling 02a8b7e17487:  96% ▕█████████████████ ▏ 1.6 GB/1.7 GB   48 MB/s      1s[K[?25h[?2026l[?2026h[?25l[A[1Gpulling manifest [K
pulling 02a8b7e17487:  96% ▕█████████████████ ▏ 1.6 GB/1.7 GB   48 MB/s      1s[K[?25h[?2026l[?2026h[?25l[A[1Gpulling manifest [K
pulling 02a8b7e17487:  96% ▕█████████████████ ▏ 1.6 GB/1.7 GB   48 MB/s      1s[K[?25h[?2026l[?2026h[?25l[A[1Gpulling manifest [K
pulling 02a8b7e17487:  96% ▕█████████████████ ▏ 1.6 GB/1.7 GB   48 MB/s      1s[K[?25h[?2026l[?2026h[?25l[A[1Gpulling manifest [K
pulling 02a8b7e17487:  96% ▕█████████████████ ▏ 1.6 GB/1.7 GB   48 MB/s      1s[K[?25h[?2026l[?2026h[?25l[A[1Gpulling manifest [K
pulling 02a8b7e17487:  96% ▕█████████████████ ▏ 1.6 GB/1.7 GB   48 MB/s      1s[K[?25h[?2026l[?2026h[?25l[A[1Gpulling manifest [K
pulling 02a8b7e17487:  96% ▕█████████████████ ▏ 1.6 GB/1.7 GB   38 MB/s      1s[K[?25h[?2026l[?2026h[?25l[A[1Gpulling manifest [K
pulling 02a8b7e17487:  96% ▕█████████████████ ▏ 1.6 GB/1.7 GB   38 MB/s      1s[K[?25h[?2026l[?2026h[?25l[A[1Gpulling manifest [K
pulling 02a8b7e17487:  96% ▕█████████████████ ▏ 1.6 GB/1.7 GB   38 MB/s      1s[K[?25h[?2026l[?2026h[?25l[A[1Gpulling manifest [K
pulling 02a8b7e17487:  97% ▕█████████████████ ▏ 1.6 GB/1.7 GB   38 MB/s      1s[K[?25h[?2026l[?2026h[?25l[A[1Gpulling manifest [K
pulling 02a8b7e17487:  97% ▕█████████████████ ▏ 1.6 GB/1.7 GB   38 MB/s      1s[K[?25h[?2026l[?2026h[?25l[A[1Gpulling manifest [K
pulling 02a8b7e17487:  97% ▕█████████████████ ▏ 1.6 GB/1.7 GB   38 MB/s      1s[K[?25h[?2026l[?2026h[?25l[A[1Gpulling manifest [K
pulling 02a8b7e17487:  97% ▕█████████████████ ▏ 1.6 GB/1.7 GB   38 MB/s      1s[K[?25h[?2026l[?2026h[?25l[A[1Gpulling manifest [K
pulling 02a8b7e17487:  97% ▕█████████████████ ▏ 1.6 GB/1.7 GB   38 MB/s      1s[K[?25h[?2026l[?2026h[?25l[A[1Gpulling manifest [K
pulling 02a8b7e17487:  97% ▕█████████████████ ▏ 1.6 GB/1.7 GB   38 MB/s      1s[K[?25h[?2026l[?2026h[?25l[A[1Gpulling manifest [K
pulling 02a8b7e17487:  97% ▕█████████████████ ▏ 1.6 GB/1.7 GB   38 MB/s      1s[K[?25h[?2026l[?2026h[?25l[A[1Gpulling manifest [K
pulling 02a8b7e17487:  97% ▕█████████████████ ▏ 1.6 GB/1.7 GB   32 MB/s      1s[K[?25h[?2026l[?2026h[?25l[A[1Gpulling manifest [K
pulling 02a8b7e17487:  97% ▕█████████████████ ▏ 1.6 GB/1.7 GB   32 MB/s      1s[K[?25h[?2026l[?2026h[?25l[A[1Gpulling manifest [K
pulling 02a8b7e17487:  97% ▕█████████████████ ▏ 1.6 GB/1.7 GB   32 MB/s      1s[K[?25h[?2026l[?2026h[?25l[A[1Gpulling manifest [K
pulling 02a8b7e17487:  97% ▕█████████████████ ▏ 1.6 GB/1.7 GB   32 MB/s      1s[K[?25h[?2026l[?2026h[?25l[A[1Gpulling manifest [K
pulling 02a8b7e17487:  97% ▕█████████████████ ▏ 1.6 GB/1.7 GB   32 MB/s      1s[K[?25h[?2026l[?2026h[?25l[A[1Gpulling manifest [K
pulling 02a8b7e17487:  97% ▕█████████████████ ▏ 1.6 GB/1.7 GB   32 MB/s      1s[K[?25h[?2026l[?2026h[?25l[A[1Gpulling manifest [K
pulling 02a8b7e17487:  97% ▕█████████████████ ▏ 1.6 GB/1.7 GB   32 MB/s      1s[K[?25h[?2026l[?2026h[?25l[A[1Gpulling manifest [K
pulling 02a8b7e17487:  98% ▕█████████████████ ▏ 1.6 GB/1.7 GB   32 MB/s      1s[K[?25h[?2026l[?2026h[?25l[A[1Gpulling manifest [K
pulling 02a8b7e17487:  98% ▕█████████████████ ▏ 1.6 GB/1.7 GB   32 MB/s      1s[K[?25h[?2026l[?2026h[?25l[A[1Gpulling manifest [K
pulling 02a8b7e17487:  98% ▕█████████████████ ▏ 1.6 GB/1.7 GB   32 MB/s      1s[K[?25h[?2026l[?2026h[?25l[A[1Gpulling manifest [K
pulling 02a8b7e17487:  98% ▕█████████████████ ▏ 1.6 GB/1.7 GB   28 MB/s      1s[K[?25h[?2026l[?2026h[?25l[A[1Gpulling manifest [K
pulling 02a8b7e17487:  98% ▕█████████████████ ▏ 1.6 GB/1.7 GB   28 MB/s      1s[K[?25h[?2026l[?2026h[?25l[A[1Gpulling manifest [K
pulling 02a8b7e17487:  98% ▕█████████████████ ▏ 1.6 GB/1.7 GB   28 MB/s      1s[K[?25h[?2026l[?2026h[?25l[A[1Gpulling manifest [K
pulling 02a8b7e17487:  98% ▕█████████████████ ▏ 1.6 GB/1.7 GB   28 MB/s      1s[K[?25h[?2026l[?2026h[?25l[A[1Gpulling manifest [K
pulling 02a8b7e17487:  98% ▕█████████████████ ▏ 1.6 GB/1.7 GB   28 MB/s      1s[K[?25h[?2026l[?2026h[?25l[A[1Gpulling manifest [K
pulling 02a8b7e17487:  98% ▕█████████████████ ▏ 1.6 GB/1.7 GB   28 MB/s      1s[K[?25h[?2026l[?2026h[?25l[A[1Gpulling manifest [K
pulling 02a8b7e17487:  98% ▕█████████████████ ▏ 1.6 GB/1.7 GB   28 MB/s      1s[K[?25h[?2026l[?2026h[?25l[A[1Gpulling manifest [K
pulling 02a8b7e17487:  98% ▕█████████████████ ▏ 1.6 GB/1.7 GB   28 MB/s      1s[K[?25h[?2026l[?2026h[?25l[A[1Gpulling manifest [K
pulling 02a8b7e17487:  98% ▕█████████████████ ▏ 1.6 GB/1.7 GB   28 MB/s      1s[K[?25h[?2026l[?2026h[?25l[A[1Gpulling manifest [K
pulling 02a8b7e17487:  98% ▕█████████████████ ▏ 1.6 GB/1.7 GB   28 MB/s      1s[K[?25h[?2026l[?2026h[?25l[A[1Gpulling manifest [K
pulling 02a8b7e17487:  98% ▕█████████████████ ▏ 1.6 GB/1.7 GB   25 MB/s      1s[K[?25h[?2026l[?2026h[?25l[A[1Gpulling manifest [K
pulling 02a8b7e17487:  98% ▕█████████████████ ▏ 1.6 GB/1.7 GB   25 MB/s      1s[K[?25h[?2026l[?2026h[?25l[A[1Gpulling manifest [K
pulling 02a8b7e17487:  98% ▕█████████████████ ▏ 1.6 GB/1.7 GB   25 MB/s      1s[K[?25h[?2026l[?2026h[?25l[A[1Gpulling manifest [K
pulling 02a8b7e17487:  99% ▕█████████████████ ▏ 1.6 GB/1.7 GB   25 MB/s      0s[K[?25h[?2026l[?2026h[?25l[A[1Gpulling manifest [K
pulling 02a8b7e17487:  99% ▕█████████████████ ▏ 1.6 GB/1.7 GB   25 MB/s      0s[K[?25h[?2026l[?2026h[?25l[A[1Gpulling manifest [K
pulling 02a8b7e17487:  99% ▕█████████████████ ▏ 1.7 GB/1.7 GB   25 MB/s      0s[K[?25h[?2026l[?2026h[?25l[A[1Gpulling manifest [K
pulling 02a8b7e17487:  99% ▕█████████████████ ▏ 1.7 GB/1.7 GB   25 MB/s      0s[K[?25h[?2026l[?2026h[?25l[A[1Gpulling manifest [K
pulling 02a8b7e17487:  99% ▕█████████████████ ▏ 1.7 GB/1.7 GB   25 MB/s      0s[K[?25h[?2026l[?2026h[?25l[A[1Gpulling manifest [K
pulling 02a8b7e17487:  99% ▕█████████████████ ▏ 1.7 GB/1.7 GB   25 MB/s      0s[K[?25h[?2026l[?2026h[?25l[A[1Gpulling manifest [K
pulling 02a8b7e17487:  99% ▕█████████████████ ▏ 1.7 GB/1.7 GB   25 MB/s      0s[K[?25h[?2026l[?2026h[?25l[A[1Gpulling manifest [K
pulling 02a8b7e17487:  99% ▕█████████████████ ▏ 1.7 GB/1.7 GB   25 MB/s      0s[K[?25h[?2026l[?2026h[?25l[A[1Gpulling manifest [K
pulling 02a8b7e17487:  99% ▕█████████████████ ▏ 1.7 GB/1.7 GB   20 MB/s      1s[K[?25h[?2026l[?2026h[?25l[A[1Gpulling manifest [K
pulling 02a8b7e17487:  99% ▕█████████████████ ▏ 1.7 GB/1.7 GB   20 MB/s      0s[K[?25h[?2026l[?2026h[?25l[A[1Gpulling manifest [K
pulling 02a8b7e17487:  99% ▕█████████████████ ▏ 1.7 GB/1.7 GB   20 MB/s      0s[K[?25h[?2026l[?2026h[?25l[A[1Gpulling manifest [K
pulling 02a8b7e17487:  99% ▕█████████████████ ▏ 1.7 GB/1.7 GB   20 MB/s      0s[K[?25h[?2026l[?2026h[?25l[A[1Gpulling manifest [K
pulling 02a8b7e17487:  99% ▕█████████████████ ▏ 1.7 GB/1.7 GB   20 MB/s      0s[K[?25h[?2026l[?2026h[?25l[A[1Gpulling manifest [K
pulling 02a8b7e17487:  99% ▕█████████████████ ▏ 1.7 GB/1.7 GB   20 MB/s      0s[K[?25h[?2026l[?2026h[?25l[A[1Gpulling manifest [K
pulling 02a8b7e17487:  99% ▕█████████████████ ▏ 1.7 GB/1.7 GB   20 MB/s      0s[K[?25h[?2026l[?2026h[?25l[A[1Gpulling manifest [K
pulling 02a8b7e17487:  99% ▕█████████████████ ▏ 1.7 GB/1.7 GB   20 MB/s      0s[K[?25h[?2026l[?2026h[?25l[A[1Gpulling manifest [K
pulling 02a8b7e17487:  99% ▕█████████████████ ▏ 1.7 GB/1.7 GB   20 MB/s      0s[K[?25h[?2026l[?2026h[?25l[A[1Gpulling manifest [K
pulling 02a8b7e17487:  99% ▕█████████████████ ▏ 1.7 GB/1.7 GB   20 MB/s      0s[K[?25h[?2026l[?2026h[?25l[A[1Gpulling manifest [K
pulling 02a8b7e17487:  99% ▕█████████████████ ▏ 1.7 GB/1.7 GB   16 MB/s      0s[K[?25h[?2026l[?2026h[?25l[A[1Gpulling manifest [K
pulling 02a8b7e17487:  99% ▕█████████████████ ▏ 1.7 GB/1.7 GB   16 MB/s      0s[K[?25h[?2026l[?2026h[?25l[A[1Gpulling manifest [K
pulling 02a8b7e17487:  99% ▕█████████████████ ▏ 1.7 GB/1.7 GB   16 MB/s      0s[K[?25h[?2026l[?2026h[?25l[A[1Gpulling manifest [K
pulling 02a8b7e17487:  99% ▕█████████████████ ▏ 1.7 GB/1.7 GB   16 MB/s      0s[K[?25h[?2026l[?2026h[?25l[A[1Gpulling manifest [K
pulling 02a8b7e17487:  99% ▕█████████████████ ▏ 1.7 GB/1.7 GB   16 MB/s      0s[K[?25h[?2026l[?2026h[?25l[A[1Gpulling manifest [K
pulling 02a8b7e17487:  99% ▕█████████████████ ▏ 1.7 GB/1.7 GB   16 MB/s      0s[K[?25h[?2026l[?2026h[?25l[A[1Gpulling manifest [K
pulling 02a8b7e17487:  99% ▕█████████████████ ▏ 1.7 GB/1.7 GB   16 MB/s      0s[K[?25h[?2026l[?2026h[?25l[A[1Gpulling manifest [K
pulling 02a8b7e17487:  99% ▕█████████████████ ▏ 1.7 GB/1.7 GB   16 MB/s      0s[K[?25h[?2026l[?2026h[?25l[A[1Gpulling manifest [K
pulling 02a8b7e17487:  99% ▕█████████████████ ▏ 1.7 GB/1.7 GB   16 MB/s      0s[K[?25h[?2026l[?2026h[?25l[A[1Gpulling manifest [K
pulling 02a8b7e17487:  99% ▕█████████████████ ▏ 1.7 GB/1.7 GB   16 MB/s      0s[K[?25h[?2026l[?2026h[?25l[A[1Gpulling manifest [K
pulling 02a8b7e17487:  99% ▕█████████████████ ▏ 1.7 GB/1.7 GB   13 MB/s      0s[K[?25h[?2026l[?2026h[?25l[A[1Gpulling manifest [K
pulling 02a8b7e17487: 100% ▕█████████████████ ▏ 1.7 GB/1.7 GB   13 MB/s      0s[K[?25h[?2026l[?2026h[?25l[A[1Gpulling manifest [K
pulling 02a8b7e17487: 100% ▕█████████████████ ▏ 1.7 GB/1.7 GB   13 MB/s      0s[K[?25h[?2026l[?2026h[?25l[A[1Gpulling manifest [K
pulling 02a8b7e17487: 100% ▕█████████████████ ▏ 1.7 GB/1.7 GB   13 MB/s      0s[K[?25h[?2026l[?2026h[?25l[A[1Gpulling manifest [K
pulling 02a8b7e17487: 100% ▕█████████████████ ▏ 1.7 GB/1.7 GB   13 MB/s      0s[K[?25h[?2026l[?2026h[?25l[A[1Gpulling manifest [K
pulling 02a8b7e17487: 100% ▕█████████████████ ▏ 1.7 GB/1.7 GB   13 MB/s      0s[K[?25h[?2026l[?2026h[?25l[A[1Gpulling manifest [K
pulling 02a8b7e17487: 100% ▕█████████████████ ▏ 1.7 GB/1.7 GB   13 MB/s      0s[K[?25h[?2026l[?2026h[?25l[A[1Gpulling manifest [K
pulling 02a8b7e17487: 100% ▕█████████████████ ▏ 1.7 GB/1.7 GB   13 MB/s      0s[K[?25h[?2026l[?2026h[?25l[A[1Gpulling manifest [K
pulling 02a8b7e17487: 100% ▕█████████████████ ▏ 1.7 GB/1.7 GB   13 MB/s      0s[K[?25h[?2026l[?2026h[?25l[A[1Gpulling manifest [K
pulling 02a8b7e17487: 100% ▕█████████████████ ▏ 1.7 GB/1.7 GB   13 MB/s      0s[K[?25h[?2026l[?2026h[?25l[A[1Gpulling manifest [K
pulling 02a8b7e17487: 100% ▕█████████████████ ▏ 1.7 GB/1.7 GB   10 MB/s      0s[K[?25h[?2026l[?2026h[?25l[A[1Gpulling manifest [K
pulling 02a8b7e17487: 100% ▕█████████████████ ▏ 1.7 GB/1.7 GB   10 MB/s      0s[K[?25h[?2026l[?2026h[?25l[A[1Gpulling manifest [K
pulling 02a8b7e17487: 100% ▕█████████████████ ▏ 1.7 GB/1.7 GB   10 MB/s      0s[K[?25h[?2026l[?2026h[?25l[A[1Gpulling manifest [K
pulling 02a8b7e17487: 100% ▕█████████████████ ▏ 1.7 GB/1.7 GB   10 MB/s      0s[K[?25h[?2026l[?2026h[?25l[A[1Gpulling manifest [K
pulling 02a8b7e17487: 100% ▕█████████████████ ▏ 1.7 GB/1.7 GB   10 MB/s      0s[K[?25h[?2026l[?2026h[?25l[A[1Gpulling manifest [K
pulling 02a8b7e17487: 100% ▕█████████████████ ▏ 1.7 GB/1.7 GB   10 MB/s      0s[K[?25h[?2026l[?2026h[?25l[A[1Gpulling manifest [K
pulling 02a8b7e17487: 100% ▕█████████████████ ▏ 1.7 GB/1.7 GB   10 MB/s      0s[K[?25h[?2026l[?2026h[?25l[A[1Gpulling manifest [K
pulling 02a8b7e17487: 100% ▕█████████████████ ▏ 1.7 GB/1.7 GB   10 MB/s      0s[K[?25h[?2026l[?2026h[?25l[A[1Gpulling manifest [K
pulling 02a8b7e17487: 100% ▕█████████████████ ▏ 1.7 GB/1.7 GB   10 MB/s      0s[K[?25h[?2026l[?2026h[?25l[A[1Gpulling manifest [K
pulling 02a8b7e17487: 100% ▕█████████████████ ▏ 1.7 GB/1.7 GB   10 MB/s      0s[K[?25h[?2026l[?2026h[?25l[A[1Gpulling manifest [K
pulling 02a8b7e17487: 100% ▕█████████████████ ▏ 1.7 GB/1.7 GB  8.3 MB/s      0s[K[?25h[?2026l[?2026h[?25l[A[1Gpulling manifest [K
pulling 02a8b7e17487: 100% ▕█████████████████ ▏ 1.7 GB/1.7 GB  8.3 MB/s      0s[K[?25h[?2026l[?2026h[?25l[A[1Gpulling manifest [K
pulling 02a8b7e17487: 100% ▕█████████████████ ▏ 1.7 GB/1.7 GB  8.3 MB/s      0s[K[?25h[?2026l[?2026h[?25l[A[1Gpulling manifest [K
pulling 02a8b7e17487: 100% ▕█████████████████ ▏ 1.7 GB/1.7 GB  8.3 MB/s      0s[K[?25h[?2026l[?2026h[?25l[A[1Gpulling manifest [K
pulling 02a8b7e17487: 100% ▕█████████████████ ▏ 1.7 GB/1.7 GB  8.3 MB/s      0s[K[?25h[?2026l[?2026h[?25l[A[1Gpulling manifest [K
pulling 02a8b7e17487: 100% ▕█████████████████ ▏ 1.7 GB/1.7 GB  8.3 MB/s      0s[K[?25h[?2026l[?2026h[?25l[A[1Gpulling manifest [K
pulling 02a8b7e17487: 100% ▕█████████████████ ▏ 1.7 GB/1.7 GB  8.3 MB/s      0s[K[?25h[?2026l[?2026h[?25l[A[1Gpulling manifest [K
pulling 02a8b7e17487: 100% ▕█████████████████ ▏ 1.7 GB/1.7 GB  8.3 MB/s      0s[K[?25h[?2026l[?2026h[?25l[A[1Gpulling manifest [K
pulling 02a8b7e17487: 100% ▕█████████████████ ▏ 1.7 GB/1.7 GB  8.3 MB/s      0s[K[?25h[?2026l[?2026h[?25l[A[1Gpulling manifest [K
pulling 02a8b7e17487: 100% ▕█████████████████ ▏ 1.7 GB/1.7 GB  8.3 MB/s      0s[K[?25h[?2026l[?2026h[?25l[A[1Gpulling manifest [K
pulling 02a8b7e17487: 100% ▕█████████████████ ▏ 1.7 GB/1.7 GB  8.3 MB/s      0s[K[?25h[?2026l[?2026h[?25l[A[1Gpulling manifest [K
pulling 02a8b7e17487: 100% ▕█████████████████ ▏ 1.7 GB/1.7 GB  7.0 MB/s      0s[K[?25h[?2026l[?2026h[?25l[A[1Gpulling manifest [K
pulling 02a8b7e17487: 100% ▕█████████████████ ▏ 1.7 GB/1.7 GB  7.0 MB/s      0s[K[?25h[?2026l[?2026h[?25l[A[1Gpulling manifest [K
pulling 02a8b7e17487: 100% ▕█████████████████ ▏ 1.7 GB/1.7 GB  7.0 MB/s      0s[K[?25h[?2026l[?2026h[?25l[A[1Gpulling manifest [K
pulling 02a8b7e17487: 100% ▕█████████████████ ▏ 1.7 GB/1.7 GB  7.0 MB/s      0s[K[?25h[?2026l[?2026h[?25l[A[1Gpulling manifest [K
pulling 02a8b7e17487: 100% ▕█████████████████ ▏ 1.7 GB/1.7 GB  7.0 MB/s      0s[K[?25h[?2026l[?2026h[?25l[A[1Gpulling manifest [K
pulling 02a8b7e17487: 100% ▕█████████████████ ▏ 1.7 GB/1.7 GB  7.0 MB/s      0s[K[?25h[?2026l[?2026h[?25l[A[1Gpulling manifest [K
pulling 02a8b7e17487: 100% ▕█████████████████ ▏ 1.7 GB/1.7 GB  7.0 MB/s      0s[K[?25h[?2026l[?2026h[?25l[A[1Gpulling manifest [K
pulling 02a8b7e17487: 100% ▕█████████████████ ▏ 1.7 GB/1.7 GB  7.0 MB/s      0s[K
pulling 30adf9d64781: 100% ▕██████████████████▏  10 KB                         [K[?25h[?2026l[?2026h[?25l[A[A[1Gpulling manifest [K
pulling 02a8b7e17487: 100% ▕█████████████████ ▏ 1.7 GB/1.7 GB  7.0 MB/s      0s[K
pulling 30adf9d64781: 100% ▕██████████████████▏  10 KB                         [K[?25h[?2026l[?2026h[?25l[A[A[1Gpulling manifest [K
pulling 02a8b7e17487: 100% ▕█████████████████ ▏ 1.7 GB/1.7 GB  7.0 MB/s      0s[K
pulling 30adf9d64781: 100% ▕██████████████████▏  10 KB                         [K[?25h[?2026l[?2026h[?25l[A[A[1Gpulling manifest [K
pulling 02a8b7e17487: 100% ▕█████████████████ ▏ 1.7 GB/1.7 GB  7.0 MB/s      0s[K
pulling 30adf9d64781: 100% ▕██████████████████▏  10 KB                         [K[?25h[?2026l[?2026h[?25l[A[A[1Gpulling manifest [K
pulling 02a8b7e17487: 100% ▕█████████████████ ▏ 1.7 GB/1.7 GB  7.0 MB/s      0s[K
pulling 30adf9d64781: 100% ▕██████████████████▏  10 KB                         [K[?25h[?2026l[?2026h[?25l[A[A[1Gpulling manifest [K
pulling 02a8b7e17487: 100% ▕█████████████████ ▏ 1.7 GB/1.7 GB  7.0 MB/s      0s[K
pulling 30adf9d64781: 100% ▕██████████████████▏  10 KB                         [K[?25h[?2026l[?2026h[?25l[A[A[1Gpulling manifest [K
pulling 02a8b7e17487: 100% ▕█████████████████ ▏ 1.7 GB/1.7 GB  7.0 MB/s      0s[K
pulling 30adf9d64781: 100% ▕██████████████████▏  10 KB                         [K[?25h[?2026l[?2026h[?25l[A[A[1Gpulling manifest [K
pulling 02a8b7e17487: 100% ▕█████████████████ ▏ 1.7 GB/1.7 GB  7.0 MB/s      0s[K
pulling 30adf9d64781: 100% ▕██████████████████▏  10 KB                         [K[?25h[?2026l[?2026h[?25l[A[A[1Gpulling manifest [K
pulling 02a8b7e17487: 100% ▕█████████████████ ▏ 1.7 GB/1.7 GB  7.0 MB/s      0s[K
pulling 30adf9d64781: 100% ▕██████████████████▏  10 KB                         [K
verifying sha256 digest ⠋ [K[?25h[?2026l[?2026h[?25l[A[A[A[1Gpulling manifest [K
pulling 02a8b7e17487: 100% ▕█████████████████ ▏ 1.7 GB/1.7 GB  7.0 MB/s      0s[K
pulling 30adf9d64781: 100% ▕██████████████████▏  10 KB                         [K
verifying sha256 digest ⠙ [K[?25h[?2026l[?2026h[?25l[A[A[A[1Gpulling manifest [K
pulling 02a8b7e17487: 100% ▕█████████████████ ▏ 1.7 GB/1.7 GB  7.0 MB/s      0s[K
pulling 30adf9d64781: 100% ▕██████████████████▏  10 KB                         [K
verifying sha256 digest ⠹ [K[?25h[?2026l[?2026h[?25l[A[A[A[1Gpulling manifest [K
pulling 02a8b7e17487: 100% ▕█████████████████ ▏ 1.7 GB/1.7 GB  7.0 MB/s      0s[K
pulling 30adf9d64781: 100% ▕██████████████████▏  10 KB                         [K
verifying sha256 digest ⠸ [K[?25h[?2026l[?2026h[?25l[A[A[A[1Gpulling manifest [K
pulling 02a8b7e17487: 100% ▕█████████████████ ▏ 1.7 GB/1.7 GB  7.0 MB/s      0s[K
pulling 30adf9d64781: 100% ▕██████████████████▏  10 KB                         [K
verifying sha256 digest ⠼ [K[?25h[?2026l[?2026h[?25l[A[A[A[1Gpulling manifest [K
pulling 02a8b7e17487: 100% ▕█████████████████ ▏ 1.7 GB/1.7 GB  7.0 MB/s      0s[K
pulling 30adf9d64781: 100% ▕██████████████████▏  10 KB                         [K
verifying sha256 digest ⠴ [K[?25h[?2026l[?2026h[?25l[A[A[A[1Gpulling manifest [K
pulling 02a8b7e17487: 100% ▕█████████████████ ▏ 1.7 GB/1.7 GB  7.0 MB/s      0s[K
pulling 30adf9d64781: 100% ▕██████████████████▏  10 KB                         [K
verifying sha256 digest ⠦ [K[?25h[?2026l[?2026h[?25l[A[A[A[1Gpulling manifest [K
pulling 02a8b7e17487: 100% ▕█████████████████ ▏ 1.7 GB/1.7 GB  7.0 MB/s      0s[K
pulling 30adf9d64781: 100% ▕██████████████████▏  10 KB                         [K
verifying sha256 digest ⠧ [K[?25h[?2026l[?2026h[?25l[A[A[A[1Gpulling manifest [K
pulling 02a8b7e17487: 100% ▕█████████████████ ▏ 1.7 GB/1.7 GB  7.0 MB/s      0s[K
pulling 30adf9d64781: 100% ▕██████████████████▏  10 KB                         [K
verifying sha256 digest ⠇ [K[?25h[?2026l[?2026h[?25l[A[A[A[1Gpulling manifest [K
pulling 02a8b7e17487: 100% ▕█████████████████ ▏ 1.7 GB/1.7 GB  7.0 MB/s      0s[K
pulling 30adf9d64781: 100% ▕██████████████████▏  10 KB                         [K
verifying sha256 digest ⠏ [K[?25h[?2026l[?2026h[?25l[A[A[A[1Gpulling manifest [K
pulling 02a8b7e17487: 100% ▕█████████████████ ▏ 1.7 GB/1.7 GB  7.0 MB/s      0s[K
pulling 30adf9d64781: 100% ▕██████████████████▏  10 KB                         [K
verifying sha256 digest ⠋ [K[?25h[?2026l[?2026h[?25l[A[A[A[1Gpulling manifest [K
pulling 02a8b7e17487: 100% ▕█████████████████ ▏ 1.7 GB/1.7 GB  7.0 MB/s      0s[K
pulling 30adf9d64781: 100% ▕██████████████████▏  10 KB                         [K
verifying sha256 digest [K
writing manifest [K
success [K[?25h[?2026l
