pulling 02a8b7e17487:  99% ▕█████████████████ ▏ 1.7 GB/1.7 GB  3.5 MB/s      3s[K[?25h[?2026l[?2026h[?25l[A[1Gpulling manifest [K
pulling 02a8b7e17487:  99% ▕█████████████████ ▏ 1.7 GB/1.7 GB  3.5 MB/s      3s[K[?25h[?2026l[?2026h[?25l[A[1Gpulling manifest [K
pulling 02a8b7e17487:  99% ▕█████████████████ ▏ 1.7 GB/1.7 GB  3.5 MB/s      2s[K[?25h[?2026l[?2026h[?25l[A[1Gpulling manifest [K
pulling 02a8b7e17487:  99% ▕█████████████████ ▏ 1.7 GB/1.7 GB  3.5 MB/s      2s[K[?25h[?2026l[?2026h[?25l[A[1Gpulling manifest [K
pulling 02a8b7e17487:  99% ▕█████████████████ ▏ 1.7 GB/1.7 GB  3.5 MB/s      2s[K[?25h[?2026l[?2026h[?25l[A[1Gpulling manifest [K
pulling 02a8b7e17487:  99% ▕█████████████████ ▏ 1.7 GB/1.7 GB  2.8 MB/s      3s[K[?25h[?2026l[?2026h[?25l[A[1Gpulling manifest [K
pulling 02a8b7e17487:  99% ▕█████████████████ ▏ 1.7 GB/1.7 GB  2.8 MB/s      3s[K[?25h[?2026l[?2026h[?25l[A[1Gpulling manifest [K
pulling 02a8b7e17487:  99% ▕█████████████████ ▏ 1.7 GB/1.7 GB  2.8 MB/s      3s[K[?25h[?2026l[?2026h[?25l[A[1Gpulling manifest [K
pulling 02a8b7e17487:  99% ▕█████████████████ ▏ 1.7 GB/1.7 GB  2.8 MB/s      3s[K[?25h[?2026l[?2026h[?25l[A[1Gpulling manifest [K
pulling 02a8b7e17487:  99% ▕█████████████████ ▏ 1.7 GB/1.7 GB  2.8 MB/s      3s[K[?25h[?2026l[?2026h[?25l[A[1Gpulling manifest [K
pulling 02a8b7e17487:  99% ▕█████████████████ ▏ 1.7 GB/1.7 GB  2.8 MB/s      3s[K[?25h[?2026l[?2026h[?25l[A[1Gpulling manifest [K
pulling 02a8b7e17487:  99% ▕█████████████████ ▏ 1.7 GB/1.7 GB  2.8 MB/s      3s[K[?25h[?2026l[?2026h[?25l[A[1Gpulling manifest [K
pulling 02a8b7e17487:  99% ▕█████████████████ ▏ 1.7 GB/1.7 GB  2.8 MB/s      3s[K[?25h[?2026l[?2026h[?25l[A[1Gpulling manifest [K
pulling 02a8b7e17487:  99% ▕█████████████████ ▏ 1.7 GB/1.7 GB  2.8 MB/s      3s[K[?25h[?2026l[?2026h[?25l[A[1Gpulling manifest [K
pulling 02a8b7e17487:  99% ▕█████████████████ ▏ 1.7 GB/1.7 GB  2.8 MB/s      3s[K[?25h[?2026l[?2026h[?25l[A[1Gpulling manifest [K
pulling 02a8b7e17487:  99% ▕█████████████████ ▏ 1.7 GB/1.7 GB  2.3 MB/s      3s[K[?25h[?2026l[?2026h[?25l[A[1Gpulling manifest [K
pulling 02a8b7e17487:  99% ▕█████████████████ ▏ 1.7 GB/1.7 GB  2.3 MB/s      3s[K[?25h[?2026l[?2026h[?25l[A[1Gpulling manifest [K
pulling 02a8b7e17487:  99% ▕█████████████████ ▏ 1.7 GB/1.7 GB  2.3 MB/s      3s[K[?25h[?2026l[?2026h[?25l[A[1Gpulling manifest [K
pulling 02a8b7e17487:  99% ▕█████████████████ ▏ 1.7 GB/1.7 GB  2.3 MB/s      3s[K[?25h[?2026l[?2026h[?25l[A[1Gpulling manifest [K
pulling 02a8b7e17487:  99% ▕█████████████████ ▏ 1.7 GB/1.7 GB  2.3 MB/s      3s[K[?25h[?2026l[?2026h[?25l[A[1Gpulling manifest [K
pulling 02a8b7e17487:  99% ▕█████████████████ ▏ 1.7 GB/1.7 GB  2.3 MB/s      3s[K[?25h[?2026l[?2026h[?25l[A[1Gpulling manifest [K
pulling 02a8b7e17487:  99% ▕█████████████████ ▏ 1.7 GB/1.7 GB  2.3 MB/s      3s[K[?25h[?2026l[?2026h[?25l[A[1Gpulling manifest [K
pulling 02a8b7e17487: 100% ▕█████████████████ ▏ 1.7 GB/1.7 GB  2.3 MB/s      3s[K[?25h[?2026l[?2026h[?25l[A[1Gpulling manifest [K
pulling 02a8b7e17487: 100% ▕█████████████████ ▏ 1.7 GB/1.7 GB  2.3 MB/s      3s[K[?25h[?2026l[?2026h[?25l[A[1Gpulling manifest [K
pulling 02a8b7e17487: 100% ▕█████████████████ ▏ 1.7 GB/1.7 GB  2.3 MB/s      3s[K[?25h[?2026l[?2026h[?25l[A[1Gpulling manifest [K
pulling 02a8b7e17487: 100% ▕█████████████████ ▏ 1.7 GB/1.7 GB  2.1 MB/s      3s[K[?25h[?2026l[?2026h[?25l[A[1Gpulling manifest [K
pulling 02a8b7e17487: 100% ▕█████████████████ ▏ 1.7 GB/1.7 GB  2.1 MB/s      3s[K[?25h[?2026l[?2026h[?25l[A[1Gpulling manifest [K
pulling 02a8b7e17487: 100% ▕█████████████████ ▏ 1.7 GB/1.7 GB  2.1 MB/s      3s[K[?25h[?2026l[?2026h[?25l[A[1Gpulling manifest [K
pulling 02a8b7e17487: 100% ▕█████████████████ ▏ 1.7 GB/1.7 GB  2.1 MB/s      3s[K[?25h[?2026l[?2026h[?25l[A[1Gpulling manifest [K
pulling 02a8b7e17487: 100% ▕█████████████████ ▏ 1.7 GB/1.7 GB  2.1 MB/s      3s[K[?25h[?2026l[?2026h[?25l[A[1Gpulling manifest [K
pulling 02a8b7e17487: 100% ▕█████████████████ ▏ 1.7 GB/1.7 GB  2.1 MB/s      3s[K[?25h[?2026l[?2026h[?25l[A[1Gpulling manifest [K
pulling 02a8b7e17487: 100% ▕█████████████████ ▏ 1.7 GB/1.7 GB  2.1 MB/s      3s[K[?25h[?2026l[?2026h[?25l[A[1Gpulling manifest [K
pulling 02a8b7e17487: 100% ▕█████████████████ ▏ 1.7 GB/1.7 GB  2.1 MB/s      2s[K[?25h[?2026l[?2026h[?25l[A[1Gpulling manifest [K
pulling 02a8b7e17487: 100% ▕█████████████████ ▏ 1.7 GB/1.7 GB  2.1 MB/s      2s[K[?25h[?2026l[?2026h[?25l[A[1Gpulling manifest [K
pulling 02a8b7e17487: 100% ▕█████████████████ ▏ 1.7 GB/1.7 GB  2.1 MB/s      2s[K[?25h[?2026l[?2026h[?25l[A[1Gpulling manifest [K
pulling 02a8b7e17487: 100% ▕█████████████████ ▏ 1.7 GB/1.7 GB  1.7 MB/s      3s[K[?25h[?2026l[?2026h[?25l[A[1Gpulling manifest [K
pulling 02a8b7e17487: 100% ▕█████████████████ ▏ 1.7 GB/1.7 GB  1.7 MB/s      3s[K[?25h[?2026l[?2026h[?25l[A[1Gpulling manifest [K
pulling 02a8b7e17487: 100% ▕█████████████████ ▏ 1.7 GB/1.7 GB  1.7 MB/s      3s[K[?25h[?2026l[?2026h[?25l[A[1Gpulling manifest [K
pulling 02a8b7e17487: 100% ▕█████████████████ ▏ 1.7 GB/1.7 GB  1.7 MB/s      3s[K[?25h[?2026l[?2026h[?25l[A[1Gpulling manifest [K
pulling 02a8b7e17487: 100% ▕█████████████████ ▏ 1.7 GB/1.7 GB  1.7 MB/s      3s[K[?25h[?2026l[?2026h[?25l[A[1Gpulling manifest [K
pulling 02a8b7e17487: 100% ▕█████████████████ ▏ 1.7 GB/1.7 GB  1.7 MB/s      3s[K[?25h[?2026l[?2026h[?25l[A[1Gpulling manifest [K
pulling 02a8b7e17487: 100% ▕█████████████████ ▏ 1.7 GB/1.7 GB  1.7 MB/s      3s[K[?25h[?2026l[?2026h[?25l[A[1Gpulling manifest [K
pulling 02a8b7e17487: 100% ▕█████████████████ ▏ 1.7 GB/1.7 GB  1.7 MB/s      3s[K[?25h[?2026l[?2026h[?25l[A[1Gpulling manifest [K
pulling 02a8b7e17487: 100% ▕█████████████████ ▏ 1.7 GB/1.7 GB  1.7 MB/s      3s[K[?25h[?2026l[?2026h[?25l[A[1Gpulling manifest [K
pulling 02a8b7e17487: 100% ▕█████████████████ ▏ 1.7 GB/1.7 GB  1.7 MB/s      2s[K[?25h[?2026l[?2026h[?25l[A[1Gpulling manifest [K
pulling 02a8b7e17487: 100% ▕█████████████████ ▏ 1.7 GB/1.7 GB  1.5 MB/s      3s[K[?25h[?2026l[?2026h[?25l[A[1Gpulling manifest [K
pulling 02a8b7e17487: 100% ▕█████████████████ ▏ 1.7 GB/1.7 GB  1.5 MB/s      3s[K[?25h[?2026l[?2026h[?25l[A[1Gpulling manifest [K
pulling 02a8b7e17487: 100% ▕█████████████████ ▏ 1.7 GB/1.7 GB  1.5 MB/s      3s[K[?25h[?2026l[?2026h[?25l[A[1Gpulling manifest [K
pulling 02a8b7e17487: 100% ▕█████████████████ ▏ 1.7 GB/1.7 GB  1.5 MB/s      3s[K[?25h[?2026l[?2026h[?25l[A[1Gpulling manifest [K
pulling 02a8b7e17487: 100% ▕█████████████████ ▏ 1.7 GB/1.7 GB  1.5 MB/s      3s[K[?25h[?2026l[?2026h[?25l[A[1Gpulling manifest [K
pulling 02a8b7e17487: 100% ▕█████████████████ ▏ 1.7 GB/1.7 GB  1.5 MB/s      3s[K[?25h[?2026l[?2026h[?25l[A[1Gpulling manifest [K
pulling 02a8b7e17487: 100% ▕█████████████████ ▏ 1.7 GB/1.7 GB  1.5 MB/s      2s[K[?25h[?2026l[?2026h[?25l[A[1Gpulling manifest [K
pulling 02a8b7e17487: 100% ▕█████████████████ ▏ 1.7 GB/1.7 GB  1.5 MB/s      2s[K[?25h[?2026l[?2026h[?25l[A[1Gpulling manifest [K
pulling 02a8b7e17487: 100% ▕█████████████████ ▏ 1.7 GB/1.7 GB  1.5 MB/s      2s[K[?25h[?2026l[?2026h[?25l[A[1Gpulling manifest [K
pulling 02a8b7e17487: 100% ▕█████████████████ ▏ 1.7 GB/1.7 GB  1.5 MB/s      2s[K[?25h[?2026l[?2026h[?25l[A[1Gpulling manifest [K
pulling 02a8b7e17487: 100% ▕█████████████████ ▏ 1.7 GB/1.7 GB  1.5 MB/s      2s[K[?25h[?2026l[?2026h[?25l[A[1Gpulling manifest [K
pulling 02a8b7e17487: 100% ▕█████████████████ ▏ 1.7 GB/1.7 GB  1.3 MB/s      3s[K[?25h[?2026l[?2026h[?25l[A[1Gpulling manifest [K
pulling 02a8b7e17487: 100% ▕█████████████████ ▏ 1.7 GB/1.7 GB  1.3 MB/s      3s[K[?25h[?2026l[?2026h[?25l[A[1Gpulling manifest [K
pulling 02a8b7e17487: 100% ▕█████████████████ ▏ 1.7 GB/1.7 GB  1.3 MB/s      3s[K[?25h[?2026l[?2026h[?25l[A[1Gpulling manifest [K
pulling 02a8b7e17487: 100% ▕█████████████████ ▏ 1.7 GB/1.7 GB  1.3 MB/s      3s[K[?25h[?2026l[?2026h[?25l[A[1Gpulling manifest [K
pulling 02a8b7e17487: 100% ▕█████████████████ ▏ 1.7 GB/1.7 GB  1.3 MB/s      2s[K[?25h[?2026l[?2026h[?25l[A[1Gpulling manifest [K
pulling 02a8b7e17487: 100% ▕█████████████████ ▏ 1.7 GB/1.7 GB  1.3 MB/s      2s[K[?25h[?2026l[?2026h[?25l[A[1Gpulling manifest [K
pulling 02a8b7e17487: 100% ▕█████████████████ ▏ 1.7 GB/1.7 GB  1.3 MB/s      2s[K[?25h[?2026l[?2026h[?25l[A[1Gpulling manifest [K
pulling 02a8b7e17487: 100% ▕█████████████████ ▏ 1.7 GB/1.7 GB  1.3 MB/s      2s[K[?25h[?2026l[?2026h[?25l[A[1Gpulling manifest [K
pulling 02a8b7e17487: 100% ▕█████████████████ ▏ 1.7 GB/1.7 GB  1.3 MB/s      2s[K[?25h[?2026l[?2026h[?25l[A[1Gpulling manifest [K
pulling 02a8b7e17487: 100% ▕█████████████████ ▏ 1.7 GB/1.7 GB  1.3 MB/s      2s[K[?25h[?2026l[?2026h[?25l[A[1Gpulling manifest [K
pulling 02a8b7e17487: 100% ▕█████████████████ ▏ 1.7 GB/1.7 GB  1.3 MB/s      2s[K[?25h[?2026l[?2026h[?25l[A[1Gpulling manifest [K
pulling 02a8b7e17487: 100% ▕█████████████████ ▏ 1.7 GB/1.7 GB  1.3 MB/s      2s[K[?25h[?2026l[?2026h[?25l[A[1Gpulling manifest [K
pulling 02a8b7e17487: 100% ▕█████████████████ ▏ 1.7 GB/1.7 GB  1.3 MB/s      2s[K[?25h[?2026l[?2026h[?25l[A[1Gpulling manifest [K
pulling 02a8b7e17487: 100% ▕█████████████████ ▏ 1.7 GB/1.7 GB  1.3 MB/s      2s[K[?25h[?2026l[?2026h[?25l[A[1Gpulling manifest [K
pulling 02a8b7e17487: 100% ▕█████████████████ ▏ 1.7 GB/1.7 GB  1.3 MB/s      2s[K[?25h[?2026l[?2026h[?25l[A[1Gpulling manifest [K
pulling 02a8b7e17487: 100% ▕█████████████████ ▏ 1.7 GB/1.7 GB  1.3 MB/s      2s[K[?25h[?2026l[?2026h[?25l[A[1Gpulling manifest [K
pulling 02a8b7e17487: 100% ▕█████████████████ ▏ 1.7 GB/1.7 GB  1.3 MB/s      2s[K[?25h[?2026l[?2026h[?25l[A[1Gpulling manifest [K
pulling 02a8b7e17487: 100% ▕█████████████████ ▏ 1.7 GB/1.7 GB  1.3 MB/s      2s[K[?25h[?2026l[?2026h[?25l[A[1Gpulling manifest [K
pulling 02a8b7e17487: 100% ▕█████████████████ ▏ 1.7 GB/1.7 GB  1.3 MB/s      2s[K[?25h[?2026l[?2026h[?25l[A[1Gpulling manifest [K
pulling 02a8b7e17487: 100% ▕█████████████████ ▏ 1.7 GB/1.7 GB  1.3 MB/s      1s[K[?25h[?2026l[?2026h[?25l[A[1Gpulling manifest [K
pulling 02a8b7e17487: 100% ▕█████████████████ ▏ 1.7 GB/1.7 GB  1.3 MB/s      1s[K[?25h[?2026l[?2026h[?25l[A[1Gpulling manifest [K
pulling 02a8b7e17487: 100% ▕█████████████████ ▏ 1.7 GB/1.7 GB  1.3 MB/s      1s[K[?25h[?2026l[?2026h[?25l[A[1Gpulling manifest [K
pulling 02a8b7e17487: 100% ▕█████████████████ ▏ 1.7 GB/1.7 GB  1.3 MB/s      1s[K[?25h[?2026l[?2026h[?25l[A[1Gpulling manifest [K
pulling 02a8b7e17487: 100% ▕█████████████████ ▏ 1.7 GB/1.7 GB  1.3 MB/s      0s[K[?25h[?2026l[?2026h[?25l[A[1Gpulling manifest [K
pulling 02a8b7e17487: 100% ▕█████████████████ ▏ 1.7 GB/1.7 GB  1.3 MB/s      0s[K[?25h[?2026l[?2026h[?25l[A[1Gpulling manifest [K
pulling 02a8b7e17487: 100% ▕█████████████████ ▏ 1.7 GB/1.7 GB  1.3 MB/s      0s[K[?25h[?2026l[?2026h[?25l[A[1Gpulling manifest [K
pulling 02a8b7e17487: 100% ▕█████████████████ ▏ 1.7 GB/1.7 GB  1.3 MB/s      0s[K[?25h[?2026l[?2026h[?25l[A[1Gpulling manifest [K
pulling 02a8b7e17487: 100% ▕█████████████████ ▏ 1.7 GB/1.7 GB  1.3 MB/s      0s[K[?25h[?2026l[?2026h[?25l[A[1Gpulling manifest [K
pulling 02a8b7e17487: 100% ▕█████████████████ ▏ 1.7 GB/1.7 GB  1.3 MB/s      0s[K[?25h[?2026l[?2026h[?25l[A[1Gpulling manifest [K
pulling 02a8b7e17487: 100% ▕█████████████████ ▏ 1.7 GB/1.7 GB  1.3 MB/s      0s[K[?25h[?2026l[?2026h[?25l[A[1Gpulling manifest [K
pulling 02a8b7e17487: 100% ▕█████████████████ ▏ 1.7 GB/1.7 GB  1.2 MB/s      0s[K[?25h[?2026l[?2026h[?25l[A[1Gpulling manifest [K
pulling 02a8b7e17487: 100% ▕█████████████████ ▏ 1.7 GB/1.7 GB  1.2 MB/s      0s[K[?25h[?2026l[?2026h[?25l[A[1Gpulling manifest [K
pulling 02a8b7e17487: 100% ▕█████████████████ ▏ 1.7 GB/1.7 GB  1.2 MB/s      0s[K[?25h[?2026l[?2026h[?25l[A[1Gpulling manifest [K
pulling 02a8b7e17487: 100% ▕█████████████████ ▏ 1.7 GB/1.7 GB  1.2 MB/s      0s[K[?25h[?2026l[?2026h[?25l[A[1Gpulling manifest [K
pulling 02a8b7e17487: 100% ▕█████████████████ ▏ 1.7 GB/1.7 GB  1.2 MB/s      0s[K[?25h[?2026l[?2026h[?25l[A[1Gpulling manifest [K
pulling 02a8b7e17487: 100% ▕█████████████████ ▏ 1.7 GB/1.7 GB  1.2 MB/s      0s[K[?25h[?2026l[?2026h[?25l[A[1Gpulling manifest [K
pulling 02a8b7e17487: 100% ▕█████████████████ ▏ 1.7 GB/1.7 GB  1.2 MB/s      0s[K[?25h[?2026l[?2026h[?25l[A[1Gpulling manifest [K
pulling 02a8b7e17487: 100% ▕█████████████████ ▏ 1.7 GB/1.7 GB  1.2 MB/s      0s[K[?25h[?2026l[?2026h[?25l[A[1Gpulling manifest [K
pulling 02a8b7e17487: 100% ▕█████████████████ ▏ 1.7 GB/1.7 GB  1.2 MB/s      0s[K[?25h[?2026l[?2026h[?25l[A[1Gpulling manifest [K
pulling 02a8b7e17487: 100% ▕█████████████████ ▏ 1.7 GB/1.7 GB  1.2 MB/s      0s[K[?25h[?2026l[?2026h[?25l[A[1Gpulling manifest [K
pulling 02a8b7e17487: 100% ▕█████████████████ ▏ 1.7 GB/1.7 GB  1.2 MB/s      0s[K[?25h[?2026l[?2026h[?25l[A[1Gpulling manifest [K
pulling 02a8b7e17487: 100% ▕█████████████████ ▏ 1.7 GB/1.7 GB  1.2 MB/s      0s[K[?25h[?2026l[?2026h[?25l[A[1Gpulling manifest [K
pulling 02a8b7e17487: 100% ▕█████████████████ ▏ 1.7 GB/1.7 GB  1.2 MB/s      0s[K[?25h[?2026l[?2026h[?25l[A[1Gpulling manifest [K
pulling 02a8b7e17487: 100% ▕█████████████████ ▏ 1.7 GB/1.7 GB  1.2 MB/s      0s[K[?25h[?2026l[?2026h[?25l[A[1Gpulling manifest [K
pulling 02a8b7e17487: 100% ▕█████████████████ ▏ 1.7 GB/1.7 GB  1.2 MB/s      0s[K[?25h[?2026l[?2026h[?25l[A[1Gpulling manifest [K
pulling 02a8b7e17487: 100% ▕█████████████████ ▏ 1.7 GB/1.7 GB  1.2 MB/s      0s[K[?25h[?2026l[?2026h[?25l[A[1Gpulling manifest [K
pulling 02a8b7e17487: 100% ▕█████████████████ ▏ 1.7 GB/1.7 GB  1.2 MB/s      0s[K[?25h[?2026l[?2026h[?25l[A[1Gpulling manifest [K
pulling 02a8b7e17487: 100% ▕█████████████████ ▏ 1.7 GB/1.7 GB  1.2 MB/s      0s[K[?25h[?2026l[?2026h[?25l[A[1Gpulling manifest [K
pulling 02a8b7e17487: 100% ▕█████████████████ ▏ 1.7 GB/1.7 GB  1.2 MB/s      0s[K[?25h[?2026l[?2026h[?25l[A[1Gpulling manifest [K
pulling 02a8b7e17487: 100% ▕█████████████████ ▏ 1.7 GB/1.7 GB  1.2 MB/s      0s[K
verifying sha256 digest ⠋ [K[?25h[?2026l[?2026h[?25l[A[A[1Gpulling manifest [K
pulling 02a8b7e17487: 100% ▕█████████████████ ▏ 1.7 GB/1.7 GB  1.2 MB/s      0s[K
verifying sha256 digest ⠙ [K[?25h[?2026l[?2026h[?25l[A[A[1Gpulling manifest [K
pulling 02a8b7e17487: 100% ▕█████████████████ ▏ 1.7 GB/1.7 GB  1.2 MB/s      0s[K
verifying sha256 digest ⠹ [K[?25h[?2026l[?2026h[?25l[A[A[1Gpulling manifest [K
pulling 02a8b7e17487: 100% ▕█████████████████ ▏ 1.7 GB/1.7 GB  1.2 MB/s      0s[K
verifying sha256 digest ⠸ [K[?25h[?2026l[?2026h[?25l[A[A[1Gpulling manifest [K
pulling 02a8b7e17487: 100% ▕█████████████████ ▏ 1.7 GB/1.7 GB  1.2 MB/s      0s[K
verifying sha256 digest ⠼ [K[?25h[?2026l[?2026h[?25l[A[A[1Gpulling manifest [K
pulling 02a8b7e17487: 100% ▕█████████████████ ▏ 1.7 GB/1.7 GB  1.2 MB/s      0s[K
verifying sha256 digest ⠴ [K[?25h[?2026l[?2026h[?25l[A[A[1Gpulling manifest [K
pulling 02a8b7e17487: 100% ▕█████████████████ ▏ 1.7 GB/1.7 GB  1.2 MB/s      0s[K
verifying sha256 digest ⠦ [K[?25h[?2026l[?2026h[?25l[A[A[1Gpulling manifest [K
pulling 02a8b7e17487: 100% ▕█████████████████ ▏ 1.7 GB/1.7 GB  1.2 MB/s      0s[K
verifying sha256 digest ⠧ [K[?25h[?2026l[?2026h[?25l[A[A[1Gpulling manifest [K
pulling 02a8b7e17487: 100% ▕█████████████████ ▏ 1.7 GB/1.7 GB  1.2 MB/s      0s[K
verifying sha256 digest ⠇ [K[?25h[?2026l[?2026h[?25l[A[A[1Gpulling manifest [K
pulling 02a8b7e17487: 100% ▕█████████████████ ▏ 1.7 GB/1.7 GB  1.2 MB/s      0s[K
verifying sha256 digest ⠏ [K[?25h[?2026l[?2026h[?25l[A[A[1Gpulling manifest [K
pulling 02a8b7e17487: 100% ▕█████████████████ ▏ 1.7 GB/1.7 GB  1.2 MB/s      0s[K
verifying sha256 digest ⠋ [K[?25h[?2026l[?2026h[?25l[A[A[1Gpulling manifest [K
pulling 02a8b7e17487: 100% ▕█████████████████ ▏ 1.7 GB/1.7 GB  1.2 MB/s      0s[K
verifying sha256 digest ⠙ [K[?25h[?2026l[?2026h[?25l[A[A[1Gpulling manifest [K
pulling 02a8b7e17487: 100% ▕█████████████████ ▏ 1.7 GB/1.7 GB  1.2 MB/s      0s[K
verifying sha256 digest ⠹ [K[?25h[?2026l[?2026h[?25l[A[A[1Gpulling manifest [K
pulling 02a8b7e17487: 100% ▕█████████████████ ▏ 1.7 GB/1.7 GB  1.2 MB/s      0s[K
verifying sha256 digest ⠸ [K[?25h[?2026l[?2026h[?25l[A[A[1Gpulling manifest [K
pulling 02a8b7e17487: 100% ▕█████████████████ ▏ 1.7 GB/1.7 GB  1.2 MB/s      0s[K
verifying sha256 digest [K
writing manifest [K
success [K[?25h[?2026l
  Model
    architecture        lfm2      
    parameters          2.7B      
    context length      131072    
    embedding length    2048      
    quantization        Q4_K_M    

  Capabilities
    tools         
    thinking      
    completion    

  Parameters
    stop    "<|startoftext|>"     
    stop    "<|im_start|>"        
    stop    "<|im_end|>"          
    stop    "<|im_start|>user"    

  License
    LFM Open License v1.0                                           
    TERMS AND CONDITIONS FOR USE, REPRODUCTION, AND DISTRIBUTION    
    ...                                                             

